[sandbox-tailwind-template.netlify.app/docs/elements/tables.html]
[backblue.gif]
[fade.gif]
[index.html]
[sandbox-tailwind-template.netlify.app/assets/img/favicon.png]
[sandbox-tailwind-template.netlify.app/assets/css/plugins.css]
[sandbox-tailwind-template.netlify.app/style.css]
[sandbox-tailwind-template.netlify.app/assets/img/logo.png]
[sandbox-tailwind-template.netlify.app/assets/img/demos/mi1.jpg]
[sandbox-tailwind-template.netlify.app/assets/img/demos/mi2.jpg]
[sandbox-tailwind-template.netlify.app/assets/img/demos/mi3.jpg]
[sandbox-tailwind-template.netlify.app/assets/img/demos/mi4.jpg]
[sandbox-tailwind-template.netlify.app/assets/img/demos/mi5.jpg]
[sandbox-tailwind-template.netlify.app/assets/img/demos/mi6.jpg]
[sandbox-tailwind-template.netlify.app/assets/img/demos/mi7.jpg]
[sandbox-tailwind-template.netlify.app/assets/img/demos/mi8.jpg]
[sandbox-tailwind-template.netlify.app/assets/img/demos/mi9.jpg]
[sandbox-tailwind-template.netlify.app/assets/img/demos/mi10.jpg]
[sandbox-tailwind-template.netlify.app/assets/img/demos/mi11.jpg]
[sandbox-tailwind-template.netlify.app/assets/img/demos/mi12.jpg]
[sandbox-tailwind-template.netlify.app/assets/img/demos/mi13.jpg]
[sandbox-tailwind-template.netlify.app/assets/img/demos/mi14.jpg]
[sandbox-tailwind-template.netlify.app/assets/img/demos/mi15.jpg]
[sandbox-tailwind-template.netlify.app/assets/img/demos/mi16.jpg]
[sandbox-tailwind-template.netlify.app/assets/img/demos/mi17.jpg]
[sandbox-tailwind-template.netlify.app/assets/img/demos/mi18.jpg]
[sandbox-tailwind-template.netlify.app/assets/img/demos/mi19.jpg]
[sandbox-tailwind-template.netlify.app/assets/img/demos/mi20.jpg]
[sandbox-tailwind-template.netlify.app/assets/img/demos/mi21.jpg]
[sandbox-tailwind-template.netlify.app/assets/img/demos/mi22.jpg]
[sandbox-tailwind-template.netlify.app/assets/img/demos/mi23.jpg]
[sandbox-tailwind-template.netlify.app/assets/img/demos/mi24.jpg]
[sandbox-tailwind-template.netlify.app/assets/img/demos/mi25.jpg]
[sandbox-tailwind-template.netlify.app/assets/img/demos/mi26.jpg]
[sandbox-tailwind-template.netlify.app/assets/img/demos/mi27.jpg]
[sandbox-tailwind-template.netlify.app/assets/img/demos/mi28.jpg]
[sandbox-tailwind-template.netlify.app/assets/img/demos/mi29.jpg]
[sandbox-tailwind-template.netlify.app/assets/img/demos/mi30.jpg]
[sandbox-tailwind-template.netlify.app/assets/img/demos/mi31.jpg]
[sandbox-tailwind-template.netlify.app/assets/img/demos/mi32.jpg]
[sandbox-tailwind-template.netlify.app/assets/img/demos/mi33.jpg]
[sandbox-tailwind-template.netlify.app/assets/img/demos/mi34.jpg]
[sandbox-tailwind-template.netlify.app/docs/elements/accordion.html]
[sandbox-tailwind-template.netlify.app/docs/elements/alerts.html]
[sandbox-tailwind-template.netlify.app/docs/elements/animations.html]
[sandbox-tailwind-template.netlify.app/docs/elements/avatars.html]
[sandbox-tailwind-template.netlify.app/docs/elements/background.html]
[sandbox-tailwind-template.netlify.app/docs/elements/badges.html]
[sandbox-tailwind-template.netlify.app/docs/elements/buttons.html]
[sandbox-tailwind-template.netlify.app/docs/elements/card.html]
[sandbox-tailwind-template.netlify.app/docs/elements/carousel.html]
[sandbox-tailwind-template.netlify.app/docs/elements/dividers.html]
[sandbox-tailwind-template.netlify.app/docs/elements/form-elements.html]
[sandbox-tailwind-template.netlify.app/docs/elements/image-hover.html]
[sandbox-tailwind-template.netlify.app/docs/elements/image-mask.html]
[sandbox-tailwind-template.netlify.app/docs/elements/lightbox.html]
[sandbox-tailwind-template.netlify.app/docs/elements/player.html]
[sandbox-tailwind-template.netlify.app/docs/elements/modal.html]
[sandbox-tailwind-template.netlify.app/docs/elements/pagination.html]
[sandbox-tailwind-template.netlify.app/docs/elements/progressbar.html]
[sandbox-tailwind-template.netlify.app/docs/elements/shadows.html]
[sandbox-tailwind-template.netlify.app/docs/elements/shapes.html]
[sandbox-tailwind-template.netlify.app/docs/elements/tabs.html]
[sandbox-tailwind-template.netlify.app/docs/elements/text-animations.html]
[sandbox-tailwind-template.netlify.app/docs/elements/text-highlight.html]
[sandbox-tailwind-template.netlify.app/docs/elements/tiles.html]
[sandbox-tailwind-template.netlify.app/docs/elements/tooltips-popovers.html]
[sandbox-tailwind-template.netlify.app/docs/elements/typography.html]
[sandbox-tailwind-template.netlify.app/assets/img/demos/f1.png]
[sandbox-tailwind-template.netlify.app/docs/elements/tables.html]
[sandbox-tailwind-template.netlify.app/assets/js/theme.js]
[sandbox-tailwind-template.netlify.app/assets/js/plugins.js]
[sandbox-tailwind-template.netlify.app/assets/fonts/unicons/Unicons.woff2]
[sandbox-tailwind-template.netlify.app/assets/fonts/unicons/unicons.css]
[sandbox-tailwind-template.netlify.app/assets/css/plugins.css]
[sandbox-tailwind-template.netlify.app/assets/fonts/unicons/Unicons.woff]
[sandbox-tailwind-template.netlify.app/assets/img/photos/lines.png]
[sandbox-tailwind-template.netlify.app/style.css]
[sandbox-tailwind-template.netlify.app/docs/elements/accordion.html]
[sandbox-tailwind-template.netlify.app/docs/elements/alerts.html]
[sandbox-tailwind-template.netlify.app/assets/img/photos/p1.jpg]
[sandbox-tailwind-template.netlify.app/assets/img/photos/p2.jpg]
[sandbox-tailwind-template.netlify.app/assets/img/photos/p3.jpg]
[sandbox-tailwind-template.netlify.app/docs/elements/animations.html]
[sandbox-tailwind-template.netlify.app/assets/img/avatars/te1.jpg]
[sandbox-tailwind-template.netlify.app/assets/img/avatars/te2.jpg]
[sandbox-tailwind-template.netlify.app/assets/img/avatars/t3.jpg]
[sandbox-tailwind-template.netlify.app/docs/elements/avatars.html]
[sandbox-tailwind-template.netlify.app/assets/img/photos/bg1.jpg]
[sandbox-tailwind-template.netlify.app/assets/img/pattern.png]
[sandbox-tailwind-template.netlify.app/assets/img/photos/movie.jpg]
[sandbox-tailwind-template.netlify.app/docs/elements/background.html]
[sandbox-tailwind-template.netlify.app/docs/elements/badges.html]
[sandbox-tailwind-template.netlify.app/docs/elements/buttons.html]
[sandbox-tailwind-template.netlify.app/docs/elements/card.html]
[sandbox-tailwind-template.netlify.app/assets/img/photos/p4.jpg]
[sandbox-tailwind-template.netlify.app/assets/img/photos/p5.jpg]
[sandbox-tailwind-template.netlify.app/assets/img/photos/is1.jpg]
[sandbox-tailwind-template.netlify.app/assets/img/photos/is2.jpg]
[sandbox-tailwind-template.netlify.app/assets/img/photos/is3.jpg]
[sandbox-tailwind-template.netlify.app/assets/img/photos/shs1.jpg]
[sandbox-tailwind-template.netlify.app/assets/img/photos/shs1@2x.jpg]
[sandbox-tailwind-template.netlify.app/assets/img/photos/shs2.jpg]
[sandbox-tailwind-template.netlify.app/assets/img/photos/shs2@2x.jpg]
[sandbox-tailwind-template.netlify.app/assets/img/photos/shs3.jpg]
[sandbox-tailwind-template.netlify.app/assets/img/photos/shs3@2x.jpg]
[sandbox-tailwind-template.netlify.app/assets/img/photos/shs4.jpg]
[sandbox-tailwind-template.netlify.app/assets/img/photos/shs4@2x.jpg]
[sandbox-tailwind-template.netlify.app/assets/img/photos/shs1-th.jpg]
[sandbox-tailwind-template.netlify.app/assets/img/photos/shs2-th.jpg]
[sandbox-tailwind-template.netlify.app/assets/img/photos/shs3-th.jpg]
[sandbox-tailwind-template.netlify.app/assets/img/photos/shs4-th.jpg]
[sandbox-tailwind-template.netlify.app/docs/elements/carousel.html]
[sandbox-tailwind-template.netlify.app/assets/img/docs/angle-lower-start.jpg]
[sandbox-tailwind-template.netlify.app/assets/img/docs/angle-lower-end.jpg]
[sandbox-tailwind-template.netlify.app/assets/img/docs/angle-upper-start.jpg]
[sandbox-tailwind-template.netlify.app/assets/img/docs/angle-upper-end.jpg]
[sandbox-tailwind-template.netlify.app/assets/img/docs/angle-upper-end-lower-start.jpg]
[sandbox-tailwind-template.netlify.app/assets/img/docs/angle-upper-start-lower-end.jpg]
[sandbox-tailwind-template.netlify.app/assets/img/docs/angle-upper-start-lower-start.jpg]
[sandbox-tailwind-template.netlify.app/assets/img/docs/angle-upper-end-lower-end.jpg]
[sandbox-tailwind-template.netlify.app/assets/img/photos/bg39.jpg]
[sandbox-tailwind-template.netlify.app/assets/img/photos/bg38.jpg]
[sandbox-tailwind-template.netlify.app/docs/elements/dividers.html]
[sandbox-tailwind-template.netlify.app/docs/elements/form-elements.html]
[sandbox-tailwind-template.netlify.app/assets/img/photos/p6.jpg]
[sandbox-tailwind-template.netlify.app/docs/elements/image-hover.html]
[sandbox-tailwind-template.netlify.app/assets/img/photos/about17.jpg]
[sandbox-tailwind-template.netlify.app/docs/elements/image-mask.html]
[sandbox-tailwind-template.netlify.app/assets/img/photos/p6@2x.jpg]
[sandbox-tailwind-template.netlify.app/assets/img/photos/p3@2x.jpg]
[sandbox-tailwind-template.netlify.app/assets/img/photos/p2@2x.jpg]
[sandbox-tailwind-template.netlify.app/docs/elements/lightbox.html]
[sandbox-tailwind-template.netlify.app/docs/elements/player.html]
[sandbox-tailwind-template.netlify.app/assets/img/illustrations/i7.png]
[sandbox-tailwind-template.netlify.app/docs/elements/modal.html]
[sandbox-tailwind-template.netlify.app/docs/elements/pagination.html]
[sandbox-tailwind-template.netlify.app/docs/elements/progressbar.html]
[sandbox-tailwind-template.netlify.app/docs/elements/shadows.html]
[sandbox-tailwind-template.netlify.app/docs/elements/shapes.html]
[sandbox-tailwind-template.netlify.app/docs/elements/tabs.html]
[sandbox-tailwind-template.netlify.app/docs/elements/text-animations.html]
[sandbox-tailwind-template.netlify.app/docs/elements/text-highlight.html]
[sandbox-tailwind-template.netlify.app/assets/img/photos/ab1.jpg]
[sandbox-tailwind-template.netlify.app/assets/img/photos/ab2.jpg]
[sandbox-tailwind-template.netlify.app/assets/img/photos/ab3.jpg]
[sandbox-tailwind-template.netlify.app/assets/img/photos/g1.jpg]
[sandbox-tailwind-template.netlify.app/assets/img/photos/g2.jpg]
[sandbox-tailwind-template.netlify.app/assets/img/photos/g3.jpg]
[sandbox-tailwind-template.netlify.app/assets/img/photos/g4.jpg]
[sandbox-tailwind-template.netlify.app/assets/img/photos/sa13.jpg]
[sandbox-tailwind-template.netlify.app/assets/img/photos/sa14.jpg]
[sandbox-tailwind-template.netlify.app/assets/img/photos/sa15.jpg]
[sandbox-tailwind-template.netlify.app/assets/img/photos/sa9.jpg]
[sandbox-tailwind-template.netlify.app/assets/img/photos/sa10.jpg]
[sandbox-tailwind-template.netlify.app/assets/img/photos/sa11.jpg]
[sandbox-tailwind-template.netlify.app/assets/img/photos/sa12.jpg]
[sandbox-tailwind-template.netlify.app/assets/img/photos/sa5.jpg]
[sandbox-tailwind-template.netlify.app/assets/img/photos/sa6.jpg]
[sandbox-tailwind-template.netlify.app/assets/img/photos/sa7.jpg]
[sandbox-tailwind-template.netlify.app/assets/img/photos/sa8.jpg]
[sandbox-tailwind-template.netlify.app/assets/img/photos/g5.jpg]
[sandbox-tailwind-template.netlify.app/assets/img/photos/g6.jpg]
[sandbox-tailwind-template.netlify.app/assets/img/photos/g7.jpg]
[sandbox-tailwind-template.netlify.app/assets/img/demos/vc1.jpg]
[sandbox-tailwind-template.netlify.app/assets/img/demos/vc2.jpg]
[sandbox-tailwind-template.netlify.app/assets/img/demos/vc3.jpg]
[sandbox-tailwind-template.netlify.app/assets/img/demos/vc4.jpg]
[sandbox-tailwind-template.netlify.app/assets/img/demos/vc5.jpg]
[sandbox-tailwind-template.netlify.app/assets/img/demos/vc6.jpg]
[sandbox-tailwind-template.netlify.app/assets/img/demos/vc7.jpg]
[sandbox-tailwind-template.netlify.app/assets/img/demos/vc8.jpg]
[sandbox-tailwind-template.netlify.app/assets/img/photos/about2.jpg]
[sandbox-tailwind-template.netlify.app/assets/img/photos/about3.jpg]
[sandbox-tailwind-template.netlify.app/assets/img/photos/g8.jpg]
[sandbox-tailwind-template.netlify.app/assets/img/photos/g9.jpg]
[sandbox-tailwind-template.netlify.app/assets/img/photos/g10.jpg]
[sandbox-tailwind-template.netlify.app/assets/img/photos/g12.jpg]
[sandbox-tailwind-template.netlify.app/assets/img/photos/g13.jpg]
[sandbox-tailwind-template.netlify.app/assets/img/photos/g11.jpg]
[sandbox-tailwind-template.netlify.app/docs/elements/tiles.html]
[sandbox-tailwind-template.netlify.app/docs/elements/tooltips-popovers.html]
[sandbox-tailwind-template.netlify.app/docs/elements/typography.html]
[sandbox-tailwind-template.netlify.app/assets/img/svg/blob.svg]
[sandbox-tailwind-template.netlify.app/assets/img/svg/hex.svg]
[sandbox-tailwind-template.netlify.app/assets/img/svg/blob2.svg]
