[backblue.gif]
[fade.gif]
[index.html]
[www.techpile.in/Content/img/icon.png]
[maxcdn.bootstrapcdn.com/bootstrap/4.4.1/css/bootstrap.min.css]
[ajax.googleapis.com/ajax/libs/jquery/3.4.1/jquery.min.js]
[cdnjs.cloudflare.com/ajax/libs/popper.js/1.16.0/umd/popper.min.js]
[cdnjs.cloudflare.com/ajax/libs/font-awesome/5.11.2/css/all.css]
[code.jquery.com/jquery-2.2.4.js]
[code.jquery.com/jquery-3.5.1.slim.min.js]
[cdn.jsdelivr.net/npm/popperjs/core@2.9.3/dist/umd/popper.min.8.delayed]
[stackpath.bootstrapcdn.com/bootstrap/4.5.2/js/bootstrap.min.js]
[stackpath.bootstrapcdn.com/bootstrap/4.5.2/css/bootstrap.min.css]
[cdnjs.cloudflare.com/ajax/libs/font-awesome/5.15.1/css/all.min.css]
[www.techpile.in/Content/js/mainAj.js]
[use.fontawesome.com/1744f3f671.js]
[cdnjs.cloudflare.com/ajax/libs/slick-carousel/1.8.1/slick.min.css]
[cdnjs.cloudflare.com/ajax/libs/slick-carousel/1.8.1/slick.min.js]
[www.techpile.in/Content/js/jquery.min.js]
[cdnjs.cloudflare.com/ajax/libs/font-awesome/6.5.1/css/all.min.css]
[www.techpile.in/Scripts/techpile.js]
[www.techpile.in/Content/companyprofile/Company Profile Brochure.pdf]
[www.techpile.in/Content/img/logo.png]
[www.techpile.in/Content/js/new.js]
[www.techpile.in/Content/images/slider.png]
[www.techpile.in/Content/spic/slider1.png]
[www.techpile.in/Content/img/slider/ls4.png]
[www.techpile.in/Content/img/slider/ls1.png]
[www.techpile.in/Content/img/slider/ls2.png]
[www.techpile.in/Content/img/slider/ls3.png]
[www.techpile.in/Content/img/slider/ls5.png]
[www.techpile.in/Content/img/slider/ls6.png]
[www.techpile.in/Content/img/slider/ls7.png]
[www.techpile.in/Content/img/slider/feature-android.png]
[www.techpile.in/Content/img/slider/feature-layerspy.png]
[www.techpile.in/Content/img/slider/feature-performance.png]
[www.techpile.in/Content/img/slider/feature-layers.png]
[www.techpile.in/Content/img/slider/feature-ios.png]
[www.techpile.in/Content/img/slider/feature-html5.png]
[www.techpile.in/Content/img/slider/feature-layersjs.png]
[www.techpile.in/Content/img/slider/feature-layersjq.png]
[www.techpile.in/Content/img/slider/feature-layersan.png]
[www.techpile.in/Content/img/slider/feature-layersb.png]
[www.techpile.in/Content/img/slider/feature-layersc.png]
[www.techpile.in/Content/img/slider/feature-layersc1.png]
[www.techpile.in/Content/electronics/logo.png]
[www.techpile.in/Content/electronics/ic1.png]
[www.techpile.in/Content/electronics/icon2.png]
[www.techpile.in/Content/electronics/icon3.png]
[www.techpile.in/Content/electronics/icon4.png]
[www.techpile.in/Content/electronics/icon5.png]
[www.techpile.in/Content/electronics/icon6.png]
[www.techpile.in/Content/electronics/icon7.png]
[www.techpile.in/Content/electronics/icon8.png]
[www.techpile.in/Content/electronics/icon9.png]
[www.techpile.in/Content/electronics/icon10.png]
[www.techpile.in/Content/electronics/icon11.png]
[www.techpile.in/Content/electronics/icon12.png]
[www.techpile.in/Content/img/slider/iphone.png]
[www.techpile.in/Content/AppImage/Playstore.png]
[www.techpile.in/Content/AppImage/techpileapppic.png]
[www.techpile.in/Content/ReviewPic/ashwani.jpg]
[www.techpile.in/Content/ReviewPic/11042demo.cs.txt]
[www.techpile.in/Content/ReviewPic/26746demo.cs.txt]
[www.techpile.in/Content/ReviewPic/74741demo.cs.txt]
[www.techpile.in/Content/ReviewPic/33129demo.cs.txt]
[www.techpile.in/Content/ReviewPic/58551demo.cs.txt]
[www.techpile.in/Content/ReviewPic/34114demo.cs.txt]
[www.techpile.in/Content/ReviewPic/43535demo.cs.txt]
[www.techpile.in/Content/ReviewPic/32549demo.cs.txt]
[www.techpile.in/Content/ReviewPic/24403demo.cs.txt]
[www.techpile.in/Content/ReviewPic/73965demo.cs.txt]
[www.techpile.in/Content/ReviewPic/48253demo.cs.txt]
[www.techpile.in/Content/ReviewPic/57674demo.cs.txt]
[www.techpile.in/Content/ReviewPic/49528demo.cs.txt]
[www.techpile.in/Content/ReviewPic/23816demo.cs.txt]
[www.techpile.in/Content/ReviewPic/55514demo.cs.txt]
[www.techpile.in/Content/ReviewPic/44230demo.cs.txt]
[www.techpile.in/Content/ReviewPic/48651demo.cs.txt]
[www.techpile.in/Content/ReviewPic/26791demo.cs.txt]
[www.techpile.in/Content/ReviewPic/40543demo.cs.txt]
[www.techpile.in/Content/ReviewPic/33970demo.cs.txt]
[www.techpile.in/Content/ReviewPic/49674demo.cs.txt]
[www.techpile.in/Content/ReviewPic/63805demo.cs.txt]
[www.techpile.in/Content/ReviewPic/44673demo.cs.txt]
[www.techpile.in/Content/ReviewPic/26513demo.cs.txt]
[www.techpile.in/Content/ReviewPic/23077demo.cs.txt]
[www.techpile.in/Content/ReviewPic/97083demo.cs.txt]
[www.techpile.in/Content/ReviewPic/48797demo.cs.txt]
[www.techpile.in/Content/ReviewPic/25925demo.cs.txt]
[www.techpile.in/Content/ReviewPic/14939demo.cs.txt]
[www.techpile.in/Content/ReviewPic/56355demo.cs.txt]
[www.techpile.in/Content/ReviewPic/62448demo.cs.txt]
[www.techpile.in/Content/ReviewPic/89733demo.cs.txt]
[www.techpile.in/Content/ReviewPic/65661IMG-20240912-WA0003.jpg]
[www.techpile.in/Content/ReviewPic/19481IMG-20240912-WA0003.jpg]
[www.techpile.in/Content/ReviewPic/56950vlcsnap-2024-01-21-18h04m03s321.png]
[www.techpile.in/Content/ReviewPic/95812techpile photos.jfif]
[www.techpile.in/Content/ReviewPic/5926520230614_130731.jpg]
[www.techpile.in/Content/ReviewPic/59268IMG-20240114-WA0000.jpg]
[www.techpile.in/Content/ReviewPic/76030Noyal.png]
[www.techpile.in/Content/ReviewPic/58126Astha.png]
[www.techpile.in/Content/ReviewPic/80017ishna.png]
[www.techpile.in/Content/ReviewPic/49586anad.jpg]
[www.techpile.in/Content/ReviewPic/81642SHARAD.jpg]
[code.jquery.com/jquery-2.2.0.min.js]
[www.techpile.in/Content/AppImage/gem.png]
[www.techpile.in/Content/AppImage/start.png]
[connect.facebook.net/en_US/sdk/xfbml.customerchat.js]
[code.jquery.com/jquery-migrate-1.4.1.min.js]
[www.techpile.in/Content/js/greensock.js]
[www.techpile.in/Content/js/layerslider.transitions.js]
[www.techpile.in/Content/js/layerslider.kreaturamedia.jquery.js]
[www.techpile.in/index.html]
[www.techpile.in/register/index.html]
[maxcdn.bootstrapcdn.com/bootstrap/4.4.1/css/bootstrap.min.css]
[cdnjs.cloudflare.com/ajax/libs/font-awesome/5.11.2/css/all.css]
[cdn.jsdelivr.net/npm/popperjs/core@2.9.3/dist/umd/popper.min.js]
[stackpath.bootstrapcdn.com/bootstrap/4.5.2/css/bootstrap.min.css]
[cdnjs.cloudflare.com/ajax/libs/font-awesome/5.15.1/css/all.min.css]
[www.techpile.in/Content/css/new.css]
[cdnjs.cloudflare.com/ajax/libs/slick-carousel/1.8.1/slick.min.css]
[www.techpile.in/Content/css/skin/color1.css]
[www.techpile.in/Content/css/layerslider.css]
[www.techpile.in/Content/img/loading/bgDot.png]
[www.techpile.in/Content/img/bgSupport.png]
[www.techpile.in/Content/css/mainAj.css]
[cdnjs.cloudflare.com/ajax/libs/font-awesome/6.5.1/css/all.min.css]
[www.techpile.in/Content/img/loading/loading.gif]
[www.techpile.in/Content/img/alumni/16219IMG-20240718-WA0014.jpg]
[www.techpile.in/Content/img/alumni/103054avinash.png]
[www.techpile.in/Content/img/alumni/42589Screenshot_20240718_134133_Instagram.jpg]
[www.techpile.in/Content/img/alumni/101634vaibhav srivastav.jpg]
[www.techpile.in/Content/img/alumni/73769SURAJ KUMAR MMIT SKN.jpg]
[www.techpile.in/Content/img/alumni/39042nikhil_soni-removebg-preview.png]
[www.techpile.in/Content/img/alumni/17394DURGESH_PANDAY_.NET-removebg-preview (1).png]
[www.techpile.in/Content/img/alumni/42520abhishek_kumay_GPA-removebg-preview.png]
[www.techpile.in/Content/img/alumni/34906shilpi tiwari GPU.png]
[www.techpile.in/Content/img/alumni/29247suraj_yadav_php-removebg-preview.png]
[www.techpile.in/Content/img/alumni/37138prakash_-removebg-preview.png]
[www.techpile.in/Content/img/alumni/44072akanksha_Modanwal_helix_-removebg-preview.png]
[www.techpile.in/Content/img/alumni/24237rajat_jaiswal-removebg-preview.png]
[www.techpile.in/Content/img/alumni/11469harshit_panday-removebg-preview.png]
[www.techpile.in/Content/img/alumni/58191nilesh srivastava .net.jpg]
[www.techpile.in/Content/img/alumni/100201kumar_gaurav-removebg-preview.png]
[www.techpile.in/Content/img/alumni/84749sagar jaiswal.jpg]
[www.techpile.in/Content/img/alumni/94643abhay_php_-removebg-preview.png]
[www.techpile.in/Content/img/alumni/52446VIJAY_KUMAR-removebg-preview.png]
[www.techpile.in/Content/img/alumni/41328ishna_sen-removebg-preview.png]
[www.techpile.in/Content/img/alumni/85348on php.png]
[www.techpile.in/Content/img/alumni/11280NAGEENA-removebg-preview (1).png]
[www.techpile.in/Content/img/alumni/69513sahbag_macreel-removebg-preview.png]
[www.techpile.in/Content/img/alumni/92697komal singh.jpg]
[www.techpile.in/Content/img/alumni/84132Pawan_kumar_gupta-removebg-preview.png]
[www.techpile.in/Content/img/alumni/30397tripti tripathi.jpg]
[www.techpile.in/Content/img/alumni/72056akriti.jpg]
[www.techpile.in/Content/img/alumni/6458manish_sagar-removebg-preview.png]
[www.techpile.in/Content/img/alumni/25958sheetal_sharma-removebg-preview.png]
[www.techpile.in/Content/img/alumni/67689RAJ_VIMAL-removebg-preview (1).png]
[www.techpile.in/Content/img/alumni/96807download__2_-removebg-preview.png]
[www.techpile.in/Content/img/alumni/10337monu_jaiswal-removebg-preview (1).png]
[www.techpile.in/Content/img/alumni/35167suraj_dev-removebg-preview (2).png]
[www.techpile.in/Content/img/alumni/76325sagar_jaiswal-removebg-preview.png]
[www.techpile.in/Content/img/alumni/48328ankit_Maurya-removebg-preview.png]
[www.techpile.in/Content/img/alumni/78927ritu .png]
[www.techpile.in/Content/img/alumni/90043shivani.png]
[www.techpile.in/Content/img/alumni/40343shivam mishra.png]
[www.techpile.in/Content/img/alumni/109368rajan-removebg-preview.png]
[www.techpile.in/Content/img/alumni/69564harshit .jpg]
[www.techpile.in/Content/img/alumni/16618RAJ_KUMAR_yADAV-removebg-preview.jpg]
[www.techpile.in/Content/img/alumni/81503ramesh.jpg]
[www.techpile.in/Content/img/alumni/48093ajeet.jpg]
[www.techpile.in/Content/img/alumni/9452Purnima php batch.jpg]
[www.techpile.in/Content/img/alumni/92884Ananya .jpg]
[www.techpile.in/Content/img/alumni/109682WhatsApp Image 2024-05-08 at 7.38.38 PM (1).jpg]
[www.techpile.in/Content/img/alumni/106623JAINENDRA_GUPTA_-removebg-preview.png]
[www.techpile.in/Content/img/alumni/60299bittu prajapati.jpg]
[www.techpile.in/Content/img/alumni/10240mahajvi iram.jpg]
[www.techpile.in/Content/img/alumni/35679Ayushi Panday.jpg]
[www.techpile.in/Content/img/alumni/67062shani kumar.jpg]
[www.techpile.in/Content/img/alumni/30290brijesh kumar.jpg]
[www.techpile.in/Content/img/alumni/12977akansha diwakar.jpg]
[www.techpile.in/Content/img/alumni/86094ashutosh .jpg]
[www.techpile.in/Content/img/alumni/20198Capture-removebg-preview.png]
[www.techpile.in/Content/img/alumni/100255ASTHA .jpg]
[www.techpile.in/Content/img/alumni/17588shivansh_srivastav-removebg-preview.png]
[www.techpile.in/Content/img/alumni/33318NAUSAD AHMAD.jpg]
[www.techpile.in/Content/img/alumni/1166NAZEER AHMAD.jpg]
[www.techpile.in/Content/img/alumni/19586kajal GGPG Placed At Campouspro (1).jpg]
[www.techpile.in/Content/img/alumni/52172WhatsApp Image 2024-04-26 at 4.07.14 PM.jpg]
[www.techpile.in/Content/img/alumni/28309SHUBHAM_PAL-removebg-preview.png]
[www.techpile.in/Content/img/alumni/3841Shivani_Dwivedi-removebg-preview.png]
[www.techpile.in/Content/img/alumni/63820Purnamasi_Singh-removebg-preview.png]
[www.techpile.in/Content/img/alumni/69492manish_shah-removebg-preview.png]
[www.techpile.in/Content/img/alumni/3579ABHAV_-removebg-preview.png]
[www.techpile.in/Content/img/alumni/75720prabhanshu_shukla-removebg-preview (1).png]
[www.techpile.in/Content/img/alumni/83204satyaprakash-removebg-preview (1) (1).png]
[www.techpile.in/Content/img/alumni/25693vikash bhatt.jpg]
[www.techpile.in/Content/img/alumni/95220sakshi.jpg]
[www.techpile.in/Content/img/alumni/82196nitesh.jpg]
[www.techpile.in/Content/img/alumni/54815ITM Gida.jpg]
[www.techpile.in/Content/img/alumni/3254ggpg1.jpg]
[www.techpile.in/Content/img/alumni/86119divyanshi.jpg]
[www.techpile.in/Content/img/alumni/1767Beenita gupta.jpg]
[www.techpile.in/Content/img/alumni/49526anushka.jpg]
[www.techpile.in/Content/img/alumni/56563adesh mishra.jpg]
[www.techpile.in/Content/img/alumni/43744saurabh.png]
[www.techpile.in/Content/img/alumni/9582vijay saroj.jpg]
[www.techpile.in/Content/img/alumni/31389nirjala.png]
[www.techpile.in/Content/img/alumni/36821shivam sagar.jpg]
[www.techpile.in/Content/img/alumni/45549WhatsApp Image 2024-03-24 at 8.25.30 PM.jpg]
[www.techpile.in/Content/img/alumni/3884shivam prajapati.jpg]
[www.techpile.in/Content/img/alumni/13477singh jyoti rajesh.jpg]
[www.techpile.in/Content/img/alumni/108206anurag singh.jpg]
[www.techpile.in/Content/img/alumni/2235Ajeet.jpg]
[www.techpile.in/Content/img/alumni/20830Anup.jpg]
[www.techpile.in/Content/img/alumni/61861amrita.jpg]
[www.techpile.in/Content/img/alumni/68442NIKHIL SINGH.jpg]
[www.techpile.in/Content/img/alumni/46126tej pal.jpg]
[www.techpile.in/Content/img/alumni/100951WhatsApp Image 2023-12-23 at 13.30.13.jpg]
[www.techpile.in/Content/img/alumni/47444WhatsApp Image 2023-12-23 at 13.30.12.jpg]
[www.techpile.in/Content/img/alumni/85292atul.jpg]
[www.techpile.in/Content/img/alumni/4740635140Yogesh.jpg]
[www.techpile.in/Content/img/alumni/91062WhatsApp Image 2023-12-08 at 16.19.23.jpg]
[www.techpile.in/Content/img/alumni/16304arvind.jpg]
[www.techpile.in/Content/img/alumni/66970manishmau.jpg]
[www.techpile.in/Content/img/alumni/63647dileep.jpg]
[www.techpile.in/Content/img/alumni/462221897arshad.jpg]
[www.techpile.in/Content/img/alumni/70976Sagar.png]
[www.techpile.in/Content/img/alumni/5920Kuldeeep.png]
[www.techpile.in/Content/img/alumni/33612Kuldeep.png]
[www.techpile.in/Content/img/alumni/37273sameer.png]
[www.techpile.in/Content/img/alumni/29084jugdish.png]
[www.techpile.in/Content/img/alumni/75154rahulk.png]
[www.techpile.in/Content/img/alumni/75645Sukrat.png]
[www.techpile.in/Content/img/alumni/93738Priya Sachan.png]
[www.techpile.in/Content/img/alumni/31219Savita.png]
[www.techpile.in/Content/img/alumni/69254Pradeep.png]
[www.techpile.in/Content/img/alumni/59783nikhil.png]
[www.techpile.in/Content/img/alumni/109209Ajay Kumar.png]
[www.techpile.in/Content/img/alumni/89045Sachin.png]
[www.techpile.in/Content/img/alumni/62299Rohit Maurya.png]
[www.techpile.in/Content/img/alumni/8320Chotelal.png]
[www.techpile.in/Content/img/alumni/74023amit_dhuriya.png]
[www.techpile.in/Content/img/alumni/19842Anuj.jpg]
[www.techpile.in/Content/img/alumni/22330anuradha.png]
[www.techpile.in/Content/img/alumni/25326Anjali.jpg]
[www.techpile.in/Content/img/alumni/109141prashant.png]
[www.techpile.in/Content/img/alumni/29524ram.png]
[www.techpile.in/Content/img/alumni/43428sundaram.png]
[www.techpile.in/Content/img/alumni/34550utsav.png]
[www.techpile.in/Content/img/alumni/87246Shailendra.jpg]
[www.techpile.in/Content/img/alumni/47679rahul.jpg]
[www.techpile.in/Content/img/alumni/31383Screenshot_2023-05-31-08-08-57-30_254de13a4bc8758c9908fff1f73e3725.jpg]
[www.techpile.in/Content/img/alumni/46035danish.png]
[www.techpile.in/Content/img/alumni/99411vinay .jpg]
[www.techpile.in/Content/img/alumni/34392subham tiwari.jpg]
[www.techpile.in/Content/img/alumni/10494subham tiwari1.jpg]
[www.techpile.in/Content/img/alumni/9175shivam shrma sipl.jpg]
[www.techpile.in/Content/img/alumni/94739abhishek kumar sharma.jpg]
[www.techpile.in/Content/img/alumni/20486prem sagar vishwakarma.jpg]
[www.techpile.in/Content/img/alumni/9485priya gupta ggpayodhya.jpg]
[www.techpile.in/Content/img/alumni/73006pupendra edoro.jpg]
[www.techpile.in/Content/img/alumni/102508vivek Yadav ppj.jpg]
[www.techpile.in/Content/img/alumni/45588mohit kumar.jpg]
[www.techpile.in/Content/img/alumni/88947alkesh tiwari star oops.jpg]
[www.techpile.in/Content/img/alumni/71339sandhali .jpg]
[www.techpile.in/Content/img/alumni/106015upsana.jpg]
[www.techpile.in/Content/img/alumni/46230himanshu.jpg]
[www.techpile.in/Content/img/alumni/23654shailpriya.gif]
[www.techpile.in/Content/img/alumni/31830ravi vish.png]
[www.techpile.in/Content/img/alumni/13535sandip dubey.jpg]
[www.techpile.in/Content/img/alumni/77414ajanli singh.jpg]
[www.techpile.in/Content/img/alumni/17249paramveer.jpg]
[www.techpile.in/Content/img/alumni/9236raushan.jpg]
[www.techpile.in/Content/img/alumni/9832shalini jaishawal.jpg]
[www.techpile.in/Content/img/alumni/34222manshi dubey.jpg]
[www.techpile.in/Content/img/alumni/96467trishna pandey 1.jpg]
[www.techpile.in/Content/img/alumni/90703RITIK.jpg]
[www.techpile.in/Content/img/alumni/34041JYOTI SINGH.jpg]
[www.techpile.in/Content/img/alumni/5714durgesh.jpg]
[www.techpile.in/Content/img/alumni/76786atul.jpg]
[www.techpile.in/Content/img/alumni/8226SHIVANGI Dwivedi.jpg]
[www.techpile.in/Content/img/alumni/3689Diwanshu tiwari.jpg]
[www.techpile.in/Content/img/alumni/103664anmol soni.jpg]
[www.techpile.in/Content/img/alumni/9433anshu .jpg]
[www.techpile.in/Content/img/alumni/107272sharad.jpg]
[www.techpile.in/Content/img/alumni/106456afroza.jpg]
[www.techpile.in/Content/img/alumni/88691aman rai.jpg]
[www.techpile.in/Content/img/alumni/67157rahul verma.jpg]
[www.techpile.in/Content/img/alumni/67335noyal gupta.jpg]
[www.techpile.in/Content/img/alumni/72740pooja new.jpg]
[www.techpile.in/Content/img/alumni/38289vishal sigmait.jpg]
[www.techpile.in/Content/img/alumni/95594prince patel.jpg]
[www.techpile.in/Content/img/alumni/13950kavitachaudhari.jpg]
[www.techpile.in/Content/img/alumni/13620harsh.jpg]
[www.techpile.in/Content/img/alumni/5512kuldeep.jpg]
[www.techpile.in/Content/img/alumni/104221babita.jpg]
[www.techpile.in/Content/img/alumni/80190manish yadav 2.jpg]
[www.techpile.in/Content/img/alumni/44876abhishek modanwal.jpg]
[www.techpile.in/Content/img/alumni/66401harshit.jpg]
[www.techpile.in/Content/img/alumni/44240arvind edoro.jpg]
[www.techpile.in/Content/img/alumni/39139sonam1.jpg]
[www.techpile.in/Content/img/alumni/76386ankit.jpg]
[www.techpile.in/Content/img/alumni/53272vikas.gif]
[www.techpile.in/Content/img/alumni/107559saurabh.jpg]
[www.techpile.in/Content/img/alumni/42600rohit kumar saroj.jpg]
[www.techpile.in/Content/img/alumni/55829kanak singh.gif]
[www.techpile.in/Content/img/alumni/54811ashwani pandey1.jpg]
[www.techpile.in/Content/img/alumni/30187sonam.jpg]
[www.techpile.in/Content/img/alumni/19138mhd kaif.jpg]
[www.techpile.in/Content/img/alumni/37637tahreemsagar.jpg]
[www.techpile.in/Content/img/alumni/75824gaurav fgp.jpg]
[www.techpile.in/Content/img/alumni/26814manish.jpg]
[www.techpile.in/Content/img/alumni/7283amit.jpg]
[www.techpile.in/Content/img/alumni/46271shahzad.jpg]
[www.techpile.in/Content/img/alumni/30632anand singh.jpg]
[www.techpile.in/Content/img/alumni/73292chanda chuhan.jpg]
[www.techpile.in/Content/img/alumni/53328moochandra.jpg]
[www.techpile.in/Content/img/alumni/100422neeraj saroj.jpg]
[www.techpile.in/Content/img/alumni/47797anand singh.jpg]
[www.techpile.in/Content/img/alumni/45213gaurav pandey.jpg]
[www.techpile.in/Content/img/alumni/28584ravi kumar maurya.png]
[www.techpile.in/Content/img/alumni/33935Pankaj.jpg]
[www.techpile.in/Content/img/alumni/51827shailesh gupta.jpg]
[www.techpile.in/Content/img/alumni/5754rinku chauhan.jpg]
[www.techpile.in/Content/img/alumni/51544kajal tripathi.jpg]
[www.techpile.in/Content/img/alumni/28131KRISHNA MOHAN.jpg]
[www.techpile.in/Content/img/alumni/26102ARTI.jpg]
[www.techpile.in/Content/img/alumni/8399PREETI.jpg]
[www.techpile.in/Content/img/alumni/3254rajani Pathak.jpg]
[www.techpile.in/Content/img/alumni/106886Priyanka Nishad.jpg]
[www.techpile.in/Content/img/alumni/107045Vivek Shukla.jpg]
[www.techpile.in/Content/img/alumni/12277shashikala verma.jpg]
[www.techpile.in/Content/img/alumni/55497govind jaiswal.jpg]
[www.techpile.in/Content/img/alumni/51712shashi lata maurya.jpg]
[www.techpile.in/Content/img/alumni/28322aman kumar maurya.jpg]
[www.techpile.in/Content/img/alumni/27120Pratik Tiwari.jpg]
[www.techpile.in/Content/img/alumni/28449ANCHAL KUSHWAHA.jpg]
[www.techpile.in/Content/img/alumni/54865vevek sharma.jpg]
[www.techpile.in/Content/img/alumni/13005himanshu chaudhari.png]
[www.techpile.in/Content/img/alumni/58942jitendra yadav.jpg]
[www.techpile.in/Content/img/alumni/27972Anand Rajbhar.jpg]
[www.techpile.in/Content/img/alumni/29667vishal verma.jpg]
[www.techpile.in/Content/img/alumni/31303shubahm gupta.jpg]
[www.techpile.in/Content/img/alumni/47768ahsish kumar.jpg]
[www.techpile.in/Content/img/alumni/96106Antu Singh.jpg]
[www.techpile.in/Content/img/alumni/sonam Jashwal.jpg]
[www.techpile.in/Content/img/alumni/Bhavesh.png]
[www.techpile.in/Content/img/alumni/kajal.png]
[www.techpile.in/Content/img/alumni/manish.png]
[www.techpile.in/Content/img/alumni/saloni maurya.jpg]
[www.techpile.in/Content/img/alumni/Angad Kumar.jpg]
[www.techpile.in/Content/img/alumni/Deepika Kar Pathak.jpg]
[www.techpile.in/Content/img/alumni/Poorima Verma.jpg]
[www.techpile.in/Content/img/alumni/Sandhya Chaurasiya1.jpg]
[www.techpile.in/Content/img/alumni/Sahil Kumar Patel.jpg]
[www.techpile.in/Content/img/alumni/Nirma Sahani.jpg]
[www.techpile.in/Content/img/alumni/Priyank Dixit.jpg]
[www.techpile.in/Content/img/alumni/Shalinee Bharti..jpg]
[www.techpile.in/Content/img/alumni/Vishesh Kashyap.jpg]
[www.techpile.in/Content/img/alumni/SudhirMohan.jpg]
[www.techpile.in/Content/img/alumni/ritee verma.jpg]
[www.techpile.in/Content/img/alumni/vimlesh yadav.jpg]
[www.techpile.in/Content/img/alumni/IMG_2051 (2).png]
[www.techpile.in/Content/img/alumni/Anju..jpg]
[www.techpile.in/Content/img/alumni/anupam diwedi.jpg]
[www.techpile.in/Content/img/alumni/vipin singh.jpg]
[www.techpile.in/Content/img/alumni/Reetesh Kumar Singh.jpg]
[www.techpile.in/Content/img/alumni/Manisha Singh.jpg]
[www.techpile.in/Content/img/alumni/Kavita - Copy.jpg]
[www.techpile.in/Content/img/alumni/Shubham Maurya.jpg]
[www.techpile.in/Content/img/alumni/santosh Yadav.jpg]
[www.techpile.in/Content/img/alumni/Rishab Tiwari..jpg]
[www.techpile.in/Content/img/alumni/Shivam Kumar.jpg]
[www.techpile.in/Content/img/alumni/Smita Mishra.jpg]
[www.techpile.in/Content/img/alumni/Archana.jpg]
[www.techpile.in/Content/img/alumni/Mohd. saif Ansari.jpg]
[www.techpile.in/Content/img/alumni/Saurav.jpg]
[www.techpile.in/Content/img/alumni/Deepak Kumar Maurya.jpg]
[www.techpile.in/Content/img/alumni/pratiksha Shukla.jpg]
[www.techpile.in/Content/img/alumni/kalpana Singh.jpg]
[www.techpile.in/Content/img/alumni/Aradhana.jpg]
[www.techpile.in/Content/img/alumni/Shalvi Mishra.jpg]
[www.techpile.in/Content/img/alumni/Saurabh Kumar.jpg]
[www.techpile.in/Content/img/alumni/Samriddhi Pandey..jpg]
[www.techpile.in/Content/img/alumni/vinay Prasoon.jpg]
[www.techpile.in/Content/img/alumni/Akhilesh kumar.jpg]
[www.techpile.in/Content/img/alumni/Kajal gupta.jpg]
[www.techpile.in/Content/img/alumni/Manisha Gupta.jpg]
[www.techpile.in/Content/img/alumni/Arti Singh.jpg]
[www.techpile.in/Content/img/alumni/Vibha.jpg]
[www.techpile.in/Content/img/alumni/Satyam Kumar.jpg]
[www.techpile.in/Content/img/alumni/shailesh prajapati..jpg]
[www.techpile.in/Content/img/alumni/Anchal Srivastava -.jpg]
[www.techpile.in/Content/img/alumni/Satish Maurya.jpg]
[www.techpile.in/Content/img/alumni/vivek kumar yadav.jpg]
[www.techpile.in/Content/img/alumni/Vaishali Bajpai..jpg]
[www.techpile.in/Content/img/alumni/amit rajbhar.jpg]
[www.techpile.in/Content/img/alumni/nadeem ansari.jpg]
[www.techpile.in/Content/img/alumni/Deeproshan1.jpg]
[www.techpile.in/Content/img/alumni/Rahul Jaiswal.jpg]
[www.techpile.in/Content/img/alumni/csjm boys.jpg]
[www.techpile.in/Content/img/alumni/eram Naz.jpg]
[www.techpile.in/Content/img/alumni/akash gps.jpg]
[www.techpile.in/Content/img/alumni/chhavi Rathaur.jpg]
[www.techpile.in/Content/img/alumni/shivam vishwakarma.jpg]
[www.techpile.in/Content/img/alumni/mppnew1.jpg]
[www.techpile.in/Content/img/alumni/vandana.jpg]
[www.techpile.in/Content/img/alumni/Prateek.jpg]
[www.techpile.in/Content/img/alumni/saurabh Rai.jpg]
[www.techpile.in/Content/img/alumni/shivam kumar new.jpg]
[www.techpile.in/Content/img/alumni/Amit.jpg]
[www.techpile.in/Content/img/alumni/O.jpg]
[www.techpile.in/Content/img/alumni/mayankesh Sukla.jpg]
[www.techpile.in/Content/img/alumni/vivek Shukla.jpg]
[www.techpile.in/Content/img/alumni/Himanshi.jpg]
[www.techpile.in/Content/img/alumni/suraj yadav.jpg]
[www.techpile.in/Content/img/alumni/suraj mishra.jpg]
[www.techpile.in/Content/img/alumni/santusthi.jpg]
[www.techpile.in/Content/img/alumni/neeloo.jpg]
[www.techpile.in/Content/img/alumni/umesh.jpg]
[www.techpile.in/Content/img/alumni/Azahar.jpg]
[www.techpile.in/Content/img/alumni/ashwani verma.jpg]
[www.techpile.in/Content/img/alumni/stkabir nagar.jpg]
[www.techpile.in/Content/img/alumni/amarjeet.jpg]
[www.techpile.in/Content/img/alumni/subham chaudhari mpp.jpg]
[www.techpile.in/Content/img/alumni/Ankita Pandey.png]
[www.techpile.in/Content/img/alumni/shivam kumar-2.jpg]
[www.techpile.in/Content/img/alumni/ritesh sharma.jpg]
[www.techpile.in/Content/img/alumni/Richa Gupta.jpg]
[www.techpile.in/Content/img/alumni/shani kumar.jpg]
[www.techpile.in/Content/img/alumni/ajay singh.jpg]
[www.techpile.in/Content/img/alumni/manish.jpg]
[www.techpile.in/Content/img/alumni/prashant shukla iet.jpg]
[www.techpile.in/Content/img/alumni/anshika.jpg]
[www.techpile.in/Content/img/alumni/pratima tiwari.jpg]
[www.techpile.in/Content/img/alumni/ashish mishra.jpg]
[www.techpile.in/Content/img/alumni/ansh gupta.jpg]
[www.techpile.in/Content/img/alumni/manisha gupta-2.jpg]
[www.techpile.in/Content/img/alumni/mukesh.jpg]
[www.techpile.in/Content/img/alumni/kanahaiya.jpg]
[www.techpile.in/Content/img/alumni/ved praksh singh.jpg]
[www.techpile.in/Content/img/alumni/pragya mishra.jpg]
[www.techpile.in/Content/img/alumni/anil.jpg]
[www.techpile.in/Content/img/alumni/Subham chaudhari.jpg]
[www.techpile.in/Content/img/alumni/siddhi vishwakarma.jpg]
[www.techpile.in/Content/img/alumni/Kumar Kaushal.png]
[www.techpile.in/Content/img/alumni/abhishek.jpg]
[www.techpile.in/Content/img/alumni/anurag.jpg]
[www.techpile.in/Content/img/alumni/shivam.jpg]
[www.techpile.in/Content/img/alumni/211749094_1769926303189883_7711913171698829122_n.jpg]
[www.techpile.in/Content/img/alumni/WhatsApp Image 2021-08-01 at 8.14.51 PM.jpg]
[www.techpile.in/Content/img/alumni/WhatsApp Image 2021-05-31 at 10.32.01 PM.jpg]
[www.techpile.in/Content/img/alumni/mantasha.jpg]
[www.techpile.in/Content/img/alumni/Shivam gupta.jpg]
[www.techpile.in/Content/img/alumni/manshi.jpg]
[www.techpile.in/Content/img/alumni/pratikshayadav.jpg]
[www.techpile.in/Content/img/alumni/ankit rai.jpg]
[www.techpile.in/Content/img/alumni/nandan.jpg]
[www.techpile.in/Content/img/alumni/ranjana.jpg]
[www.techpile.in/Content/img/alumni/ashutosh.jpg]
[www.techpile.in/Content/img/alumni/Gaurav.jpg]
[www.techpile.in/Content/img/alumni/priyanshu.jpg]
[www.techpile.in/Content/img/alumni/priti.jpg]
[www.techpile.in/Content/img/alumni/vipul.jpg]
[www.techpile.in/Content/img/alumni/ragini.jpg]
[www.techpile.in/Content/img/alumni/rudresh.jpg]
[www.techpile.in/Content/img/alumni/sudhanshu.jpg]
[www.techpile.in/Content/img/alumni/bushra new.jpg]
[www.techpile.in/Content/img/alumni/vineetcoding brains.jpg]
[www.techpile.in/Content/img/alumni/sudhakar.jpg]
[www.techpile.in/Content/img/alumni/rohan.jpg]
[www.techpile.in/Content/img/alumni/gulsan kuldeep.jpg]
[www.techpile.in/Content/img/alumni/vishalgond.jpg]
[www.techpile.in/Content/img/alumni/satyam.jpg]
[www.techpile.in/Content/img/alumni/akashverma.jpg]
[www.techpile.in/Content/img/alumni/garima.jpg]
[www.techpile.in/Content/img/alumni/vritant.jpg]
[www.techpile.in/Content/img/alumni/rakesh.jpg]
[www.techpile.in/Content/img/alumni/priya.png]
[www.techpile.in/Content/img/alumni/ravi.jpg]
[www.techpile.in/Content/img/alumni/Screenshot (7).png]
[www.techpile.in/Content/img/alumni/ruby singh.png]
[www.techpile.in/Content/img/alumni/anita.jpg]
[www.techpile.in/Content/img/alumni/amit-2.jpg]
[www.techpile.in/Content/img/alumni/IMG_20190922_152558.jpg]
[www.techpile.in/Content/img/alumni/rupali.png]
[www.techpile.in/Content/img/alumni/rajesh.jpg]
[www.techpile.in/Content/img/alumni/ankus.jpg]
[www.techpile.in/Content/img/alumni/avantika.png]
[www.techpile.in/Content/img/alumni/Screenshot (12).png]
[www.techpile.in/Content/img/alumni/Screenshot (8).png]
[www.techpile.in/Content/img/alumni/DSC_0156.jpg]
[www.techpile.in/Content/img/alumni/akanksha.png]
[www.techpile.in/Content/img/alumni/alok.jpg]
[www.techpile.in/Content/img/alumni/mansha.jpg]
[www.techpile.in/Content/img/alumni/pradeep.jpg]
[www.techpile.in/Content/img/alumni/sachin.jpg]
[www.techpile.in/Content/img/alumni/anamika.jpg]
[www.techpile.in/Content/img/alumni/ravi-2.jpg]
[www.techpile.in/Content/img/alumni/sonammaurya.jpg]
[www.techpile.in/Content/img/alumni/abhishek-2.jpg]
[www.techpile.in/Content/img/alumni/nityanshu.jpg]
[www.techpile.in/Content/img/alumni/amit-3.jpg]
[www.techpile.in/Content/img/alumni/khusboo.jpg]
[www.techpile.in/Content/img/alumni/IMG_20180919_094902.jpg]
[www.techpile.in/Content/img/alumni/ashish.jpg]
[www.techpile.in/Content/img/alumni/Nitish Maurya.jpg]
[www.techpile.in/Content/img/alumni/deepak.jpg]
[www.techpile.in/Content/img/alumni/kajal.jpg]
[www.techpile.in/Content/img/alumni/abhshek.jpg]
[www.techpile.in/Content/img/alumni/Screenshot (9).png]
[www.techpile.in/Content/img/alumni/meerut.jpg]
[www.techpile.in/Content/img/alumni/ame.jpg]
[www.techpile.in/Content/img/alumni/mon.jpg]
[www.techpile.in/Content/img/alumni/oth.jpg]
[www.techpile.in/Content/img/alumni/kau1.jpg]
[www.techpile.in/Content/img/alumni/kau.jpg]
[www.techpile.in/Content/img/alumni/rampur1.jpg]
[www.techpile.in/Content/img/alumni/ram.jpg]
[www.techpile.in/Content/img/alumni/gonda.jpg]
[www.techpile.in/Content/img/alumni/gonda1.jpg]
[www.techpile.in/Content/img/alumni/shah3.jpg]
[www.techpile.in/Content/img/alumni/shah2.jpg]
[www.techpile.in/Content/img/alumni/shah4.jpg]
[www.techpile.in/Content/img/alumni/student3.jpg]
[www.techpile.in/Content/img/alumni/student4.jpg]
[www.techpile.in/Content/img/alumni/Untitled-1.jpg]
[www.techpile.in/Content/img/alumni/student2.jpg]
[www.techpile.in/Content/img/alumni/student.jpg]
[www.techpile.in/Content/img/alumni/shah1.jpg]
[www.techpile.in/our-placement/index.html]
[cdnjs.cloudflare.com/ajax/libs/jspdf/0.9.0/jspdf.min.js]
[cdnjs.cloudflare.com/ajax/libs/jspdf/1.3.2/jspdf.debug.js]
[cdnjs.cloudflare.com/ajax/libs/html2canvas/0.5.0-beta4/html2canvas.min.js]
[cdnjs.cloudflare.com/ajax/libs/html2canvas/0.5.0-beta4/html2canvas.js]
[cdnjs.cloudflare.com/ajax/libs/html2canvas/0.5.0-beta4/html2canvas.svg.js]
[www.techpile.in/Content/img/cirtificate/certificates.jpg]
[www.techpile.in/Content/CertificateImage/finalcertificatenew.jpg]
[www.techpile.in/digital-certificate/index.html]
[www.techpile.in/Content/img/certi2.jpg]
[www.techpile.in/Content/img/certi1.jpg]
[www.techpile.in/about-us/index.html]
[www.techpile.in/Content/images/trainingg.jpg]
[www.techpile.in/academic-record/index.html]
[www.techpile.in/Content/images/html.jpg]
[www.techpile.in/Content/images/css.jpg]
[www.techpile.in/Content/images/javascript.jpg]
[www.techpile.in/Content/images/jquery.jpg]
[www.techpile.in/Content/images/bootstrap.jpg]
[www.techpile.in/Content/images/java-programming.jpg]
[www.techpile.in/Content/images/python.jpg]
[www.techpile.in/Content/images/android.jpg]
[www.techpile.in/Content/images/angular-js.jpg]
[www.techpile.in/Content/images/react-js.jpg]
[www.techpile.in/Content/images/node-js.jpg]
[www.techpile.in/Content/images/php.jpg]
[www.techpile.in/Content/images/mongo-db.jpg]
[www.techpile.in/Content/images/dotnet.jpg]
[www.techpile.in/Content/images/sql.jpg]
[www.techpile.in/Content/images/django.png]
[www.techpile.in/Content/images/vue-js.jpg]
[www.techpile.in/Content/images/xamarin.jpg]
[www.techpile.in/Content/images/c-programming.png]
[www.techpile.in/Content/images/ci.png]
[www.techpile.in/Content/images/wordpress.png]
[www.techpile.in/Content/images/cpp.png]
[www.techpile.in/Content/images/oracle.jpg]
[www.techpile.in/Content/images/flutter.jpg]
[www.techpile.in/Content/images/mysql.jpg]
[www.techpile.in/Content/images/google-cloud.jpg]
[www.techpile.in/Content/images/iot.jpg]
[www.techpile.in/Content/images/cs-6.png]
[www.techpile.in/Content/images/aws.jpg]
[www.techpile.in/Content/images/azure.jpg]
[www.techpile.in/Content/images/postman.jpg]
[www.techpile.in/Content/images/jira.jpg]
[www.techpile.in/Content/images/kubernetes.jpg]
[www.techpile.in/Content/images/n.jpg]
[www.techpile.in/Content/images/raspberry.jpg]
[www.techpile.in/Content/images/plc-scada.jpg]
[www.techpile.in/Content/images/b.jpg]
[www.techpile.in/Content/images/browser-stack.jpg]
[www.techpile.in/Content/images/cad.jpg]
[www.techpile.in/Content/images/delta.jpg]
[www.techpile.in/Content/images/cassandra.jpg]
[www.techpile.in/Content/images/jenkins.jpg]
[www.techpile.in/Content/images/ni.jpg]
[www.techpile.in/Content/images/pcb.jpg]
[www.techpile.in/Content/images/postgre-sql.jpg]
[www.techpile.in/Content/images/elastic-search.jpg]
[www.techpile.in/Content/images/docker.jpg]
[www.techpile.in/Content/images/apache.jpg]
[www.techpile.in/Content/images/a.jpg]
[www.techpile.in/Content/images/arduino.jpg]
[www.techpile.in/Content/images/bs.jpg]
[www.techpile.in/Content/images/r.jpg]
[www.techpile.in/Content/images/ra.jpg]
[www.techpile.in/Content/images/selenium.jpg]
[www.techpile.in/Content/images/solid-works.jpg]
[www.techpile.in/research-technology/index.html]
[www.techpile.in/Content/images/comptetion.jpg]
[www.techpile.in/Content/images/game.jpg]
[www.techpile.in/Content/images/ulearing.jpg]
[www.techpile.in/learning-odyssey/index.html]
[www.techpile.in/Content/js/jquery-fancybox.min.js]
[www.techpile.in/Content/images/13.png]
[www.techpile.in/Content/images/9.jpg]
[www.techpile.in/Content/images/10.jpg]
[www.techpile.in/Content/images/16.png]
[www.techpile.in/Content/images/gallery-1.jpg]
[www.techpile.in/Content/images/gallery-2.jpg]
[www.techpile.in/Content/images/gallery-3.jpg]
[www.techpile.in/Content/images/gallery-4.jpg]
[www.techpile.in/Content/images/gallery-5.jpg]
[www.techpile.in/Content/images/gallery-6.jpg]
[www.techpile.in/Content/images/gallery-7.jpg]
[www.techpile.in/Content/images/gallery-8.jpg]
[www.techpile.in/Content/images/gallery-9.jpg]
[www.techpile.in/campus-placement/index.html]
[www.techpile.in/Content/infra/infra-9.jpg]
[www.techpile.in/Content/infra/infra-16.jpg]
[www.techpile.in/Content/infra/infra-8.jpg]
[www.techpile.in/Content/infra/infra-4.jpg]
[www.techpile.in/Content/infra/infra-5.jpg]
[www.techpile.in/Content/infra/infra-6.jpg]
[www.techpile.in/Content/infra/infra-7.jpg]
[www.techpile.in/Content/infra/infra-1.jpg]
[www.techpile.in/Content/infra/infra-2.jpg]
[www.techpile.in/Content/infra/infra-10.jpg]
[www.techpile.in/Content/infra/infra-3.jpg]
[www.techpile.in/Content/infra/infra-12.jpg]
[www.techpile.in/Content/infra/infra-13.jpg]
[www.techpile.in/Content/infra/infra-14.jpg]
[www.techpile.in/Content/infra/infra-15.jpg]
[www.techpile.in/our-infrastructure/index.html]
[www.techpile.in/Content/Recruiters/CodeRope.jpg]
[www.techpile.in/Content/Recruiters/CODINGBRAINS.jpg]
[www.techpile.in/Content/Recruiters/UNICODE.jpg]
[www.techpile.in/Content/Recruiters/Akestrach.jpg]
[www.techpile.in/Content/Recruiters/EyesWeb.jpg]
[www.techpile.in/Content/Recruiters/Hipister.jpg]
[www.techpile.in/Content/Recruiters/SmartWeb.jpg]
[www.techpile.in/Content/Recruiters/SDH.jpg]
[www.techpile.in/Content/Recruiters/SRNET.jpg]
[www.techpile.in/Content/Recruiters/Swam.jpg]
[www.techpile.in/Content/Recruiters/Technosys.jpg]
[www.techpile.in/Content/Recruiters/techoptimes.jpg]
[www.techpile.in/Content/Recruiters/Fays.jpg]
[www.techpile.in/Content/Recruiters/Cloud18.jpg]
[www.techpile.in/Content/Recruiters/webs.jpg]
[www.techpile.in/Content/Recruiters/Gemtech.jpg]
[www.techpile.in/Content/Recruiters/WebPlesk.jpg]
[www.techpile.in/Content/Recruiters/SoftOneGlobal.jpg]
[www.techpile.in/Content/Recruiters/BarrownzGroup.jpg]
[www.techpile.in/Content/Recruiters/RoundPay.jpg]
[www.techpile.in/Content/Recruiters/SigmaIt.jpg]
[www.techpile.in/Content/Recruiters/Untitled-1.jpg]
[www.techpile.in/Content/Recruiters/troology.jpg]
[www.techpile.in/Content/Recruiters/emerjence.jpg]
[www.techpile.in/Content/Recruiters/quickinfotech.jpg]
[www.techpile.in/our-recruiters/index.html]
[www.techpile.in/Content/images/5.png]
[www.techpile.in/Content/images/7.png]
[www.techpile.in/Content/images/8.png]
[www.techpile.in/Content/images/11.png]
[www.techpile.in/our-team/index.html]
[ajax.googleapis.com/ajax/libs/jquery/2.1.1/jquery.min.js]
[www.techpile.in/onlinetraining/index.html]
[www.techpile.in/Content/js/pagination.js]
[www.techpile.in/Scripts/jquery-1.7.1.js]
[www.techpile.in/signup/index.html]
[www.techpile.in/Content/cpic/c_java.png]
[www.techpile.in/Content/cpic/c_python.png]
[www.techpile.in/Content/cpic/c_bootstrap.png]
[www.techpile.in/Content/cpic/c_cprogramming.png]
[www.techpile.in/Content/cpic/c_html.png]
[www.techpile.in/Content/cpic/c_css.png]
[www.techpile.in/Content/cpic/c_javaScript.png]
[www.techpile.in/Content/cpic/c_jQuery.png]
[www.techpile.in/Content/cpic/c_android.png]
[www.techpile.in/Content/cpic/c_cSharp.png]
[www.techpile.in/Content/cpic/c_cPlusPlus.png]
[www.techpile.in/Content/cpic/c_ci.png]
[www.techpile.in/Content/cpic/c_asp.png]
[www.techpile.in/Content/cpic/c_angular.png]
[www.techpile.in/Content/cpic/c_mySql.png]
[www.techpile.in/Content/cpic/c_sqlServer.png]
[www.techpile.in/Content/cpic/c_wordpress.png]
[www.techpile.in/Content/cpic/c_php.png]
[www.techpile.in/Content/cpic/c_oracle.png]
[www.techpile.in/Content/cpic/c_psd.png]
[www.techpile.in/Content/cpic/c_hiberNet.png]
[www.techpile.in/Content/cpic/c_swing.png]
[www.techpile.in/our-courses/index.html]
[www.techpile.in/Content/images/st23.jpg]
[www.techpile.in/Content/images/st-1.jpg]
[www.techpile.in/Content/images/st-2.jpg]
[www.techpile.in/Content/images/st-3.jpg]
[www.techpile.in/Content/images/st-4.jpg]
[www.techpile.in/Content/images/st-5.jpg]
[www.techpile.in/Content/images/st-6.jpg]
[www.techpile.in/Content/images/st-7.jpg]
[www.techpile.in/Content/images/st-8.jpg]
[www.techpile.in/Content/images/st-9.jpg]
[www.techpile.in/Content/images/st-10.jpg]
[www.techpile.in/Content/images/st-11.jpg]
[www.techpile.in/Content/images/st-12.jpg]
[www.techpile.in/summer-training/index.html]
[www.techpile.in/electronics/index.html]
[www.techpile.in/civil/index.html]
[www.techpile.in/apprenticeship-training/index.html]
[www.techpile.in/industrial-training/index.html]
[www.techpile.in/winter-training/index.html]
[www.techpile.in/syllabus-training/index.html]
[www.techpile.in/Content/images/3.png]
[www.techpile.in/our-mous/index.html]
[www.techpile.in/Content/EventPic/1.jpg]
[www.techpile.in/Content/EventPic/2.jpg]
[www.techpile.in/Content/EventPic/3.jpg]
[www.techpile.in/Content/EventPic/12.jpg]
[www.techpile.in/Content/EventPic/13.jpg]
[www.techpile.in/Content/EventPic/14.jpg]
[www.techpile.in/Content/EventPic/15.jpg]
[www.techpile.in/Content/EventPic/16.jpg]
[www.techpile.in/Content/EventPic/17.jpg]
[www.techpile.in/Content/EventPic/18.jpg]
[www.techpile.in/Content/EventPic/19.jpg]
[www.techpile.in/Content/EventPic/20.jpg]
[www.techpile.in/Content/EventPic/21.jpg]
[www.techpile.in/Content/EventPic/22.jpg]
[www.techpile.in/Content/EventPic/23.jpg]
[www.techpile.in/Content/EventPic/25.jpg]
[www.techpile.in/Content/EventPic/24.jpg]
[www.techpile.in/Content/EventPic/26.jpg]
[www.techpile.in/Content/EventPic/27.jpg]
[www.techpile.in/Content/EventPic/28.jpg]
[www.techpile.in/Content/EventPic/29.jpg]
[www.techpile.in/Content/EventPic/30.jpg]
[www.techpile.in/Content/EventPic/31.jpg]
[www.techpile.in/Content/EventPic/7.jpg]
[www.techpile.in/Content/EventPic/10.jpg]
[www.techpile.in/Content/EventPic/8.jpg]
[www.techpile.in/Content/EventPic/4.jpg]
[www.techpile.in/Content/EventPic/5.jpg]
[www.techpile.in/Content/EventPic/6.jpg]
[www.techpile.in/photo-gallery/index.html]
[www.techpile.in/contact-us/index.html]
[www.techpile.in/Content/img/pen-writing-notes-studying.jpg]
[www.techpile.in/feedback/index.html]
[www.techpile.in/Content/webfonts/fa-brands-400.woff2]
[www.techpile.in/Content/webfonts/fa-brands-400.ttf]
[www.techpile.in/Content/webfonts/fa-regular-400.woff2]
[www.techpile.in/Content/webfonts/fa-regular-400.ttf]
[www.techpile.in/Content/webfonts/fa-solid-900.woff2]
[www.techpile.in/Content/webfonts/fa-solid-900.ttf]
[www.techpile.in/Content/webfonts/fa-v4compatibility.woff2]
[www.techpile.in/Content/webfonts/fa-v4compatibility.ttf]
[www.techpile.in/Content/css/all.css]
[www.techpile.in/Content/css/slick.html]
[www.techpile.in/Content/css/slick-theme.html]
[www.techpile.in/our-placement.html]
[www.techpile.in/Content/ReviewPic/index.html]
[www.techpile.in/Content/js/slick.html]
[www.techpile.in/contact-us.html]
[www.techpile.in/privacy-policy/index.html]
[connect.facebook.net/en_US/sdk/xfbml.customerchat.js]
[www.techpile.in/Content/st/images/fav.png]
[www.techpile.in/Content/st/js/jquery-3.3.1.min.js]
[www.techpile.in/Content/st/vendor/bootstrap/js/bootstrap.bundle.min.js]
[www.techpile.in/Content/st/vendor/OwlCarousel/owl.carousel.js]
[www.techpile.in/Content/st/vendor/semantic/semantic.min.js]
[www.techpile.in/Content/st/js/custom.js]
[www.techpile.in/Content/st/js/night-mode.js]
[www.techpile.in/st.html]
[www.techpile.in/Content/css/img/call-bg.html]
[www.techpile.in/Content/css/img/newsletter.html]
[www.techpile.in/Content/img/backGround/landing-banner1.html]
[www.techpile.in/Content/css/img/service-section-bottom.html]
[www.techpile.in/Content/img/getEnrollBg.html]
[www.techpile.in/digital-certificate/certificate.html]
[www.techpile.in/about-us/_/Contact-us.html]
[www.techpile.in/Content/css/jquery.fancybox.min.css]
[www.techpile.in/campus-placement/news-single.html]
[www.techpile.in/academic-record.html]
[www.techpile.in/our-infrastructure.html]
[www.techpile.in/our-Recruiters/index-2.html]
[www.techpile.in/signup/Home/courses.html]
[www.techpile.in/Content/img/courses/c_android.png]
[www.techpile.in/Content/img/courses/c_python.png]
[www.techpile.in/Content/img/courses/c_php.png]
[www.techpile.in/Content/img/courses/c_cprogramming.png]
[www.techpile.in/Home/CourseDetails39ef.html]
[www.techpile.in/Home/CourseDetails89dd.html]
[www.techpile.in/Home/CourseDetailsa88d.html]
[www.techpile.in/Home/CourseDetailsdcb6.html]
[www.techpile.in/Home/CourseDetails9742.html]
[www.techpile.in/Home/CourseDetails6b0e.html]
[www.techpile.in/Home/CourseDetails0a9c.html]
[www.techpile.in/Home/CourseDetails863e.html]
[www.techpile.in/Home/CourseDetailsd089.html]
[www.techpile.in/Home/CourseDetails886f.html]
[www.techpile.in/Home/CourseDetailsc91f.html]
[www.techpile.in/Home/CourseDetails5431.html]
[www.techpile.in/Home/CourseDetailsbdb3.html]
[www.techpile.in/Home/CourseDetails936d.html]
[www.techpile.in/Home/CourseDetails7f82.html]
[www.techpile.in/Home/CourseDetails008d.html]
[www.techpile.in/Home/CourseDetails5e0c.html]
[www.techpile.in/Home/CourseDetailsada0.html]
[www.techpile.in/Home/CourseDetails0037.html]
[www.techpile.in/Home/CourseDetailsf233.html]
[www.techpile.in/Home/CourseDetails311d.html]
[www.techpile.in/Home/CourseDetailsd10a.html]
[www.techpile.in/chrome-extension_/index.html]
[www.techpile.in/ABCDEFGHIJKLMNOPQRSTUVWXYZabcdefghijklmnopqrstuvwxyz0123456789+/index.html]
[www.techpile.in/^([^_/indexd41d.html]
[www.techpile.in/GET.html]
[www.techpile.in/restserver.html]
[www.techpile.in/dialog/index.html]
[www.techpile.in/rsrc.php/index.html]
[www.techpile.in/Content/st/vendor/unicons-2.0.1/fonts/unicons-0.eot]
[www.techpile.in/Content/st/vendor/unicons-2.0.1/fonts/unicons-0.woff2]
[www.techpile.in/Content/st/vendor/unicons-2.0.1/fonts/unicons-0.woff]
[www.techpile.in/Content/st/vendor/unicons-2.0.1/fonts/unicons-0.ttf]
[www.techpile.in/Content/st/vendor/unicons-2.0.1/fonts/unicons-1.eot]
[www.techpile.in/Content/st/vendor/unicons-2.0.1/fonts/unicons-1.woff2]
[www.techpile.in/Content/st/vendor/unicons-2.0.1/fonts/unicons-1.woff]
[www.techpile.in/Content/st/vendor/unicons-2.0.1/fonts/unicons-1.ttf]
[www.techpile.in/Content/st/vendor/unicons-2.0.1/fonts/unicons-10.eot]
[www.techpile.in/Content/st/vendor/unicons-2.0.1/fonts/unicons-10.woff2]
[www.techpile.in/Content/st/vendor/unicons-2.0.1/fonts/unicons-10.woff]
[www.techpile.in/Content/st/vendor/unicons-2.0.1/fonts/unicons-10.ttf]
[www.techpile.in/Content/st/vendor/unicons-2.0.1/fonts/unicons-11.eot]
[www.techpile.in/Content/st/vendor/unicons-2.0.1/fonts/unicons-11.woff2]
[www.techpile.in/Content/st/vendor/unicons-2.0.1/fonts/unicons-11.woff]
[www.techpile.in/Content/st/vendor/unicons-2.0.1/fonts/unicons-11.ttf]
[www.techpile.in/Content/st/vendor/unicons-2.0.1/fonts/unicons-12.eot]
[www.techpile.in/Content/st/vendor/unicons-2.0.1/fonts/unicons-12.woff2]
[www.techpile.in/Content/st/vendor/unicons-2.0.1/fonts/unicons-12.woff]
[www.techpile.in/Content/st/vendor/unicons-2.0.1/fonts/unicons-12.ttf]
[www.techpile.in/Content/st/vendor/unicons-2.0.1/fonts/unicons-13.eot]
[www.techpile.in/Content/st/vendor/unicons-2.0.1/fonts/unicons-13.woff2]
[www.techpile.in/Content/st/vendor/unicons-2.0.1/fonts/unicons-13.woff]
[www.techpile.in/Content/st/vendor/unicons-2.0.1/fonts/unicons-13.ttf]
[www.techpile.in/Content/st/vendor/unicons-2.0.1/fonts/unicons-14.eot]
[www.techpile.in/Content/st/vendor/unicons-2.0.1/fonts/unicons-14.woff2]
[www.techpile.in/Content/st/vendor/unicons-2.0.1/fonts/unicons-14.woff]
[www.techpile.in/Content/st/vendor/unicons-2.0.1/fonts/unicons-14.ttf]
[www.techpile.in/Content/st/vendor/unicons-2.0.1/fonts/unicons-15.eot]
[www.techpile.in/Content/st/vendor/unicons-2.0.1/fonts/unicons-15.woff2]
[www.techpile.in/Content/st/vendor/unicons-2.0.1/fonts/unicons-15.woff]
[www.techpile.in/Content/st/vendor/unicons-2.0.1/fonts/unicons-15.ttf]
[www.techpile.in/Content/st/vendor/unicons-2.0.1/fonts/unicons-16.eot]
[www.techpile.in/Content/st/vendor/unicons-2.0.1/fonts/unicons-16.woff2]
[www.techpile.in/Content/st/vendor/unicons-2.0.1/fonts/unicons-16.woff]
[www.techpile.in/Content/st/vendor/unicons-2.0.1/fonts/unicons-16.ttf]
[www.techpile.in/Content/st/vendor/unicons-2.0.1/fonts/unicons-17.eot]
[www.techpile.in/Content/st/vendor/unicons-2.0.1/fonts/unicons-17.woff2]
[www.techpile.in/Content/st/vendor/unicons-2.0.1/fonts/unicons-17.woff]
[www.techpile.in/Content/st/vendor/unicons-2.0.1/fonts/unicons-17.ttf]
[www.techpile.in/Content/st/vendor/unicons-2.0.1/fonts/unicons-18.eot]
[www.techpile.in/Content/st/vendor/unicons-2.0.1/fonts/unicons-18.woff2]
[www.techpile.in/Content/st/vendor/unicons-2.0.1/fonts/unicons-18.woff]
[www.techpile.in/Content/st/vendor/unicons-2.0.1/fonts/unicons-18.ttf]
[www.techpile.in/Content/st/vendor/unicons-2.0.1/fonts/unicons-19.eot]
[www.techpile.in/Content/st/vendor/unicons-2.0.1/fonts/unicons-19.woff2]
[www.techpile.in/Content/st/vendor/unicons-2.0.1/fonts/unicons-19.woff]
[www.techpile.in/Content/st/vendor/unicons-2.0.1/fonts/unicons-19.ttf]
[www.techpile.in/Content/st/vendor/unicons-2.0.1/fonts/unicons-2.eot]
[www.techpile.in/Content/st/vendor/unicons-2.0.1/fonts/unicons-2.woff2]
[www.techpile.in/Content/st/vendor/unicons-2.0.1/fonts/unicons-2.woff]
[www.techpile.in/Content/st/vendor/unicons-2.0.1/fonts/unicons-2.ttf]
[www.techpile.in/Content/st/vendor/unicons-2.0.1/fonts/unicons-20.eot]
[www.techpile.in/Content/st/vendor/unicons-2.0.1/fonts/unicons-20.woff2]
[www.techpile.in/Content/st/vendor/unicons-2.0.1/fonts/unicons-20.woff]
[www.techpile.in/Content/st/vendor/unicons-2.0.1/fonts/unicons-20.ttf]
[www.techpile.in/Content/st/vendor/unicons-2.0.1/fonts/unicons-21.eot]
[www.techpile.in/Content/st/vendor/unicons-2.0.1/fonts/unicons-21.woff2]
[www.techpile.in/Content/st/vendor/unicons-2.0.1/fonts/unicons-21.woff]
[www.techpile.in/Content/st/vendor/unicons-2.0.1/fonts/unicons-21.ttf]
[www.techpile.in/Content/st/vendor/unicons-2.0.1/fonts/unicons-22.eot]
[www.techpile.in/Content/st/vendor/unicons-2.0.1/fonts/unicons-22.woff2]
[www.techpile.in/Content/st/vendor/unicons-2.0.1/fonts/unicons-22.woff]
[www.techpile.in/Content/st/vendor/unicons-2.0.1/fonts/unicons-22.ttf]
[www.techpile.in/Content/st/vendor/unicons-2.0.1/fonts/unicons-23.eot]
[www.techpile.in/Content/st/vendor/unicons-2.0.1/fonts/unicons-23.woff2]
[www.techpile.in/Content/st/vendor/unicons-2.0.1/fonts/unicons-23.woff]
[www.techpile.in/Content/st/vendor/unicons-2.0.1/fonts/unicons-23.ttf]
[www.techpile.in/Content/st/vendor/unicons-2.0.1/fonts/unicons-24.eot]
[www.techpile.in/Content/st/vendor/unicons-2.0.1/fonts/unicons-24.woff2]
[www.techpile.in/Content/st/vendor/unicons-2.0.1/fonts/unicons-24.woff]
[www.techpile.in/Content/st/vendor/unicons-2.0.1/fonts/unicons-24.ttf]
[www.techpile.in/Content/st/vendor/unicons-2.0.1/fonts/unicons-25.eot]
[www.techpile.in/Content/st/vendor/unicons-2.0.1/fonts/unicons-25.woff2]
[www.techpile.in/Content/st/vendor/unicons-2.0.1/fonts/unicons-25.woff]
[www.techpile.in/Content/st/vendor/unicons-2.0.1/fonts/unicons-25.ttf]
[www.techpile.in/Content/st/vendor/unicons-2.0.1/fonts/unicons-26.eot]
[www.techpile.in/Content/st/vendor/unicons-2.0.1/fonts/unicons-26.woff2]
[www.techpile.in/Content/st/vendor/unicons-2.0.1/fonts/unicons-26.woff]
[www.techpile.in/Content/st/vendor/unicons-2.0.1/fonts/unicons-26.ttf]
[www.techpile.in/Content/st/vendor/unicons-2.0.1/fonts/unicons-27.eot]
[www.techpile.in/Content/st/vendor/unicons-2.0.1/fonts/unicons-27.woff2]
[www.techpile.in/Content/st/vendor/unicons-2.0.1/fonts/unicons-27.woff]
[www.techpile.in/Content/st/vendor/unicons-2.0.1/fonts/unicons-27.ttf]
[www.techpile.in/Content/st/vendor/unicons-2.0.1/fonts/unicons-28.eot]
[www.techpile.in/Content/st/vendor/unicons-2.0.1/fonts/unicons-28.woff2]
[www.techpile.in/Content/st/vendor/unicons-2.0.1/fonts/unicons-28.woff]
[www.techpile.in/Content/st/vendor/unicons-2.0.1/fonts/unicons-28.ttf]
[www.techpile.in/Content/st/vendor/unicons-2.0.1/fonts/unicons-29.eot]
[www.techpile.in/Content/st/vendor/unicons-2.0.1/fonts/unicons-29.woff2]
[www.techpile.in/Content/st/vendor/unicons-2.0.1/fonts/unicons-29.woff]
[www.techpile.in/Content/st/vendor/unicons-2.0.1/fonts/unicons-29.ttf]
[www.techpile.in/Content/st/vendor/unicons-2.0.1/fonts/unicons-3.eot]
[www.techpile.in/Content/st/vendor/unicons-2.0.1/fonts/unicons-3.woff2]
[www.techpile.in/Content/st/vendor/unicons-2.0.1/fonts/unicons-3.woff]
[www.techpile.in/Content/st/vendor/unicons-2.0.1/fonts/unicons-3.ttf]
[www.techpile.in/Content/st/vendor/unicons-2.0.1/fonts/unicons-30.eot]
[www.techpile.in/Content/st/vendor/unicons-2.0.1/fonts/unicons-30.woff2]
[www.techpile.in/Content/st/vendor/unicons-2.0.1/fonts/unicons-30.woff]
[www.techpile.in/Content/st/vendor/unicons-2.0.1/fonts/unicons-30.ttf]
[www.techpile.in/Content/st/vendor/unicons-2.0.1/fonts/unicons-31.eot]
[www.techpile.in/Content/st/vendor/unicons-2.0.1/fonts/unicons-31.woff2]
[www.techpile.in/Content/st/vendor/unicons-2.0.1/fonts/unicons-31.woff]
[www.techpile.in/Content/st/vendor/unicons-2.0.1/fonts/unicons-31.ttf]
[www.techpile.in/Content/st/vendor/unicons-2.0.1/fonts/unicons-32.eot]
[www.techpile.in/Content/st/vendor/unicons-2.0.1/fonts/unicons-32.woff2]
[www.techpile.in/Content/st/vendor/unicons-2.0.1/fonts/unicons-32.woff]
[www.techpile.in/Content/st/vendor/unicons-2.0.1/fonts/unicons-32.ttf]
[www.techpile.in/Content/st/vendor/unicons-2.0.1/fonts/unicons-33.eot]
[www.techpile.in/Content/st/vendor/unicons-2.0.1/fonts/unicons-33.woff2]
[www.techpile.in/Content/st/vendor/unicons-2.0.1/fonts/unicons-33.woff]
[www.techpile.in/Content/st/vendor/unicons-2.0.1/fonts/unicons-33.ttf]
[www.techpile.in/Content/st/vendor/unicons-2.0.1/fonts/unicons-34.eot]
[www.techpile.in/Content/st/vendor/unicons-2.0.1/fonts/unicons-34.woff2]
[www.techpile.in/Content/st/vendor/unicons-2.0.1/fonts/unicons-34.woff]
[www.techpile.in/Content/st/vendor/unicons-2.0.1/fonts/unicons-34.ttf]
[www.techpile.in/Content/st/vendor/unicons-2.0.1/fonts/unicons-35.eot]
[www.techpile.in/Content/st/vendor/unicons-2.0.1/fonts/unicons-35.woff2]
[www.techpile.in/Content/st/vendor/unicons-2.0.1/fonts/unicons-35.woff]
[www.techpile.in/Content/st/vendor/unicons-2.0.1/fonts/unicons-35.ttf]
[www.techpile.in/Content/st/vendor/unicons-2.0.1/fonts/unicons-36.eot]
[www.techpile.in/Content/st/vendor/unicons-2.0.1/fonts/unicons-36.woff2]
[www.techpile.in/Content/st/vendor/unicons-2.0.1/fonts/unicons-36.woff]
[www.techpile.in/Content/st/vendor/unicons-2.0.1/fonts/unicons-36.ttf]
[www.techpile.in/Content/st/vendor/unicons-2.0.1/fonts/unicons-37.eot]
[www.techpile.in/Content/st/vendor/unicons-2.0.1/fonts/unicons-37.woff2]
[www.techpile.in/Content/st/vendor/unicons-2.0.1/fonts/unicons-37.woff]
[www.techpile.in/Content/st/vendor/unicons-2.0.1/fonts/unicons-37.ttf]
[www.techpile.in/Content/st/vendor/unicons-2.0.1/fonts/unicons-4.eot]
[www.techpile.in/Content/st/vendor/unicons-2.0.1/fonts/unicons-4.woff2]
[www.techpile.in/Content/st/vendor/unicons-2.0.1/fonts/unicons-4.woff]
[www.techpile.in/Content/st/vendor/unicons-2.0.1/fonts/unicons-4.ttf]
[www.techpile.in/Content/st/vendor/unicons-2.0.1/fonts/unicons-5.eot]
[www.techpile.in/Content/st/vendor/unicons-2.0.1/fonts/unicons-5.woff2]
[www.techpile.in/Content/st/vendor/unicons-2.0.1/fonts/unicons-5.woff]
[www.techpile.in/Content/st/vendor/unicons-2.0.1/fonts/unicons-5.ttf]
[www.techpile.in/Content/st/vendor/unicons-2.0.1/fonts/unicons-6.eot]
[www.techpile.in/Content/st/vendor/unicons-2.0.1/fonts/unicons-6.woff2]
[www.techpile.in/Content/st/vendor/unicons-2.0.1/fonts/unicons-6.woff]
[www.techpile.in/Content/st/vendor/unicons-2.0.1/fonts/unicons-6.ttf]
[www.techpile.in/Content/st/vendor/unicons-2.0.1/fonts/unicons-7.eot]
[www.techpile.in/Content/st/vendor/unicons-2.0.1/fonts/unicons-7.woff2]
[www.techpile.in/Content/st/vendor/unicons-2.0.1/fonts/unicons-7.woff]
[www.techpile.in/Content/st/vendor/unicons-2.0.1/fonts/unicons-7.ttf]
[www.techpile.in/Content/st/vendor/unicons-2.0.1/fonts/unicons-8.eot]
[www.techpile.in/Content/st/vendor/unicons-2.0.1/fonts/unicons-8.woff2]
[www.techpile.in/Content/st/vendor/unicons-2.0.1/fonts/unicons-8.woff]
[www.techpile.in/Content/st/vendor/unicons-2.0.1/fonts/unicons-8.ttf]
[www.techpile.in/Content/st/vendor/unicons-2.0.1/fonts/unicons-9.eot]
[www.techpile.in/Content/st/vendor/unicons-2.0.1/fonts/unicons-9.woff2]
[www.techpile.in/Content/st/vendor/unicons-2.0.1/fonts/unicons-9.woff]
[www.techpile.in/Content/st/vendor/unicons-2.0.1/fonts/unicons-9.ttf]
[www.techpile.in/Content/st/vendor/unicons-2.0.1/css/unicons.css]
[www.techpile.in/Content/st/css/vertical-responsive-menu.min.css]
[www.techpile.in/Content/st/images/get-img.jpg]
[www.techpile.in/Content/st/images/about/title_bg.jpg]
[www.techpile.in/Content/st/images/cerificate_center/center_bg.jpg]
[www.techpile.in/Content/st/css/style.css]
[www.techpile.in/Content/st/css/responsive.css]
[www.techpile.in/Content/st/css/night-mode.css]
[www.techpile.in/Content/st/vendor/fontawesome-free/webfonts/fa-brands-400.eot]
[www.techpile.in/Content/st/vendor/fontawesome-free/webfonts/fa-brands-400d41dd41d.eot]
[www.techpile.in/Content/st/vendor/fontawesome-free/webfonts/fa-brands-400.woff2]
[www.techpile.in/Content/st/vendor/fontawesome-free/webfonts/fa-brands-400.woff]
[www.techpile.in/Content/st/vendor/fontawesome-free/webfonts/fa-brands-400.ttf]
[www.techpile.in/Content/st/vendor/fontawesome-free/webfonts/fa-regular-400.eot]
[www.techpile.in/Content/st/vendor/fontawesome-free/webfonts/fa-regular-400d41dd41d.eot]
[www.techpile.in/Content/st/vendor/fontawesome-free/webfonts/fa-regular-400.woff2]
[www.techpile.in/Content/st/vendor/fontawesome-free/webfonts/fa-regular-400.woff]
[www.techpile.in/Content/st/vendor/fontawesome-free/webfonts/fa-regular-400.ttf]
[www.techpile.in/Content/st/vendor/fontawesome-free/webfonts/fa-solid-900.eot]
[www.techpile.in/Content/st/vendor/fontawesome-free/webfonts/fa-solid-900d41dd41d.eot]
[www.techpile.in/Content/st/vendor/fontawesome-free/webfonts/fa-solid-900.woff2]
[www.techpile.in/Content/st/vendor/fontawesome-free/webfonts/fa-solid-900.woff]
[www.techpile.in/Content/st/vendor/fontawesome-free/webfonts/fa-solid-900.ttf]
[www.techpile.in/Content/st/vendor/fontawesome-free/css/all.min.css]
[www.techpile.in/Content/st/vendor/OwlCarousel/assets/owl.video.play.png]
[www.techpile.in/Content/st/vendor/OwlCarousel/assets/owl.carousel.css]
[www.techpile.in/Content/st/vendor/OwlCarousel/assets/owl.theme.default.min.css]
[www.techpile.in/Content/st/vendor/bootstrap/css/bootstrap.min.css]
[www.techpile.in/Content/st/vendor/semantic/themes/default/assets/images/flags.png]
[www.techpile.in/Content/st/vendor/semantic/themes/default/assets/fonts/icons.eot]
[www.techpile.in/Content/st/vendor/semantic/themes/default/assets/fonts/iconsd41dd41d.eot]
[www.techpile.in/Content/st/vendor/semantic/themes/default/assets/fonts/icons.woff2]
[www.techpile.in/Content/st/vendor/semantic/themes/default/assets/fonts/icons.woff]
[www.techpile.in/Content/st/vendor/semantic/themes/default/assets/fonts/icons.ttf]
[www.techpile.in/Content/st/vendor/semantic/themes/default/assets/fonts/outline-icons.eot]
[www.techpile.in/Content/st/vendor/semantic/themes/default/assets/fonts/outline-iconsd41dd41d.eot]
[www.techpile.in/Content/st/vendor/semantic/themes/default/assets/fonts/outline-icons.woff2]
[www.techpile.in/Content/st/vendor/semantic/themes/default/assets/fonts/outline-icons.woff]
[www.techpile.in/Content/st/vendor/semantic/themes/default/assets/fonts/outline-icons.ttf]
[www.techpile.in/Content/st/vendor/semantic/themes/default/assets/fonts/brand-icons.eot]
[www.techpile.in/Content/st/vendor/semantic/themes/default/assets/fonts/brand-iconsd41dd41d.eot]
[www.techpile.in/Content/st/vendor/semantic/themes/default/assets/fonts/brand-icons.woff2]
[www.techpile.in/Content/st/vendor/semantic/themes/default/assets/fonts/brand-icons.woff]
[www.techpile.in/Content/st/vendor/semantic/themes/default/assets/fonts/brand-icons.ttf]
[www.techpile.in/Content/st/vendor/semantic/semantic.min.css]
[www.techpile.in/Content/js/jquery-1.12.4.min.js]
[www.techpile.in/st/forgot_password.html]
[www.techpile.in/onlinetraining.html]
[www.techpile.in/our-courses.html]
[www.techpile.in/Content/st/vendor/unicons-2.0.1/fonts/unicons-0.svg]
[www.techpile.in/Content/st/vendor/unicons-2.0.1/fonts/unicons-1.svg]
[www.techpile.in/Content/st/vendor/unicons-2.0.1/fonts/unicons-10.svg]
[www.techpile.in/Content/st/vendor/unicons-2.0.1/fonts/unicons-11.svg]
[www.techpile.in/Content/st/vendor/unicons-2.0.1/fonts/unicons-12.svg]
[www.techpile.in/Content/st/vendor/unicons-2.0.1/fonts/unicons-13.svg]
[www.techpile.in/Content/st/vendor/unicons-2.0.1/fonts/unicons-14.svg]
[www.techpile.in/Content/st/vendor/unicons-2.0.1/fonts/unicons-15.svg]
[www.techpile.in/Content/st/vendor/unicons-2.0.1/fonts/unicons-16.svg]
[www.techpile.in/Content/st/vendor/unicons-2.0.1/fonts/unicons-17.svg]
[www.techpile.in/Content/st/vendor/unicons-2.0.1/fonts/unicons-18.svg]
[www.techpile.in/Content/st/vendor/unicons-2.0.1/fonts/unicons-19.svg]
[www.techpile.in/Content/st/vendor/unicons-2.0.1/fonts/unicons-2.svg]
[www.techpile.in/Content/st/vendor/unicons-2.0.1/fonts/unicons-20.svg]
[www.techpile.in/Content/st/vendor/unicons-2.0.1/fonts/unicons-21.svg]
[www.techpile.in/Content/st/vendor/unicons-2.0.1/fonts/unicons-22.svg]
[www.techpile.in/Content/st/vendor/unicons-2.0.1/fonts/unicons-23.svg]
[www.techpile.in/Content/st/vendor/unicons-2.0.1/fonts/unicons-24.svg]
[www.techpile.in/Content/st/vendor/unicons-2.0.1/fonts/unicons-25.svg]
[www.techpile.in/Content/st/vendor/unicons-2.0.1/fonts/unicons-26.svg]
[www.techpile.in/Content/st/vendor/unicons-2.0.1/fonts/unicons-27.svg]
[www.techpile.in/Content/st/vendor/unicons-2.0.1/fonts/unicons-28.svg]
[www.techpile.in/Content/st/vendor/unicons-2.0.1/fonts/unicons-29.svg]
[www.techpile.in/Content/st/vendor/unicons-2.0.1/fonts/unicons-3.svg]
[www.techpile.in/Content/st/vendor/unicons-2.0.1/fonts/unicons-30.svg]
[www.techpile.in/Content/st/vendor/unicons-2.0.1/fonts/unicons-31.svg]
[www.techpile.in/Content/st/vendor/unicons-2.0.1/fonts/unicons-32.svg]
[www.techpile.in/Content/st/vendor/unicons-2.0.1/fonts/unicons-33.svg]
[www.techpile.in/Content/st/vendor/unicons-2.0.1/fonts/unicons-34.svg]
[www.techpile.in/Content/st/vendor/unicons-2.0.1/fonts/unicons-35.svg]
[www.techpile.in/Content/st/vendor/unicons-2.0.1/fonts/unicons-36.svg]
[www.techpile.in/Content/st/vendor/unicons-2.0.1/fonts/unicons-37.svg]
[www.techpile.in/Content/st/vendor/unicons-2.0.1/fonts/unicons-4.svg]
[www.techpile.in/Content/st/vendor/unicons-2.0.1/fonts/unicons-5.svg]
[www.techpile.in/Content/st/vendor/unicons-2.0.1/fonts/unicons-6.svg]
[www.techpile.in/Content/st/vendor/unicons-2.0.1/fonts/unicons-7.svg]
[www.techpile.in/Content/st/vendor/unicons-2.0.1/fonts/unicons-8.svg]
[www.techpile.in/Content/st/vendor/unicons-2.0.1/fonts/unicons-9.svg]
[www.techpile.in/Content/st/images/sign.svg]
[www.techpile.in/Content/st/vendor/fontawesome-free/webfonts/fa-brands-400.svg]
[www.techpile.in/Content/st/vendor/fontawesome-free/webfonts/fa-regular-400.svg]
[www.techpile.in/Content/st/vendor/fontawesome-free/webfonts/fa-solid-900.svg]
[www.techpile.in/Content/st/vendor/semantic/themes/default/assets/fonts/icons.svg]
[www.techpile.in/Content/st/vendor/semantic/themes/default/assets/fonts/outline-icons.svg]
[www.techpile.in/Content/st/vendor/semantic/themes/default/assets/fonts/brand-icons.svg]
[www.techpile.in/st/index.html]
