[keenthemes.com/metronic/tailwind/demo1/index.html]
[backblue.gif]
[fade.gif]
[index.html]
[keenthemes.com/static/metronic/tailwind/dist/assets/media/app/apple-touch-icon.png]
[keenthemes.com/static/metronic/tailwind/dist/assets/media/app/favicon-32x32.png]
[keenthemes.com/static/metronic/tailwind/dist/assets/media/app/favicon-16x16.png]
[keenthemes.com/static/metronic/tailwind/dist/assets/vendors/apexcharts/apexcharts.css]
[keenthemes.com/static/metronic/tailwind/dist/assets/vendors/keenicons/styles.bundle.css]
[keenthemes.com/static/metronic/tailwind/dist/assets/css/styles.css]
[keenthemes.com/metronic/tailwind/demo1/dashboards/dark-sidebar.html]
[keenthemes.com/metronic/tailwind/demo1/public-profile/profiles/default.html]
[keenthemes.com/metronic/tailwind/demo1/public-profile/profiles/creator.html]
[keenthemes.com/metronic/tailwind/demo1/public-profile/profiles/company.html]
[keenthemes.com/metronic/tailwind/demo1/public-profile/profiles/nft.html]
[keenthemes.com/metronic/tailwind/demo1/public-profile/profiles/blogger.html]
[keenthemes.com/metronic/tailwind/demo1/public-profile/profiles/crm.html]
[keenthemes.com/metronic/tailwind/demo1/public-profile/profiles/gamer.html]
[keenthemes.com/metronic/tailwind/demo1/public-profile/profiles/feeds.html]
[keenthemes.com/metronic/tailwind/demo1/public-profile/profiles/plain.html]
[keenthemes.com/metronic/tailwind/demo1/public-profile/profiles/modal.html]
[keenthemes.com/metronic/tailwind/demo1/public-profile/projects/3-columns.html]
[keenthemes.com/metronic/tailwind/demo1/public-profile/projects/2-columns.html]
[keenthemes.com/metronic/tailwind/demo1/public-profile/works.html]
[keenthemes.com/metronic/tailwind/demo1/public-profile/teams.html]
[keenthemes.com/metronic/tailwind/demo1/public-profile/network.html]
[keenthemes.com/metronic/tailwind/demo1/public-profile/activity.html]
[keenthemes.com/metronic/tailwind/demo1/public-profile/campaigns/card.html]
[keenthemes.com/metronic/tailwind/demo1/public-profile/campaigns/list.html]
[keenthemes.com/metronic/tailwind/demo1/public-profile/empty.html]
[keenthemes.com/metronic/tailwind/demo1/account/home/get-started.html]
[keenthemes.com/metronic/tailwind/demo1/account/home/user-profile.html]
[keenthemes.com/metronic/tailwind/demo1/account/home/company-profile.html]
[keenthemes.com/metronic/tailwind/demo1/account/home/settings-sidebar.html]
[keenthemes.com/metronic/tailwind/demo1/account/home/settings-enterprise.html]
[keenthemes.com/metronic/tailwind/demo1/account/home/settings-plain.html]
[keenthemes.com/metronic/tailwind/demo1/account/home/settings-modal.html]
[keenthemes.com/metronic/tailwind/demo1/account/billing/basic.html]
[keenthemes.com/metronic/tailwind/demo1/account/billing/enterprise.html]
[keenthemes.com/metronic/tailwind/demo1/account/billing/plans.html]
[keenthemes.com/metronic/tailwind/demo1/account/billing/history.html]
[keenthemes.com/metronic/tailwind/demo1/account/security/get-started.html]
[keenthemes.com/metronic/tailwind/demo1/account/security/overview.html]
[keenthemes.com/metronic/tailwind/demo1/account/security/allowed-ip-addresses.html]
[keenthemes.com/metronic/tailwind/demo1/account/security/privacy-settings.html]
[keenthemes.com/metronic/tailwind/demo1/account/security/device-management.html]
[keenthemes.com/metronic/tailwind/demo1/account/security/backup-and-recovery.html]
[keenthemes.com/metronic/tailwind/demo1/account/security/current-sessions.html]
[keenthemes.com/metronic/tailwind/demo1/account/security/security-log.html]
[keenthemes.com/metronic/tailwind/demo1/account/members/team-starter.html]
[keenthemes.com/metronic/tailwind/demo1/account/members/teams.html]
[keenthemes.com/metronic/tailwind/demo1/account/members/team-info.html]
[keenthemes.com/metronic/tailwind/demo1/account/members/members-starter.html]
[keenthemes.com/metronic/tailwind/demo1/account/members/team-members.html]
[keenthemes.com/metronic/tailwind/demo1/account/members/import-members.html]
[keenthemes.com/metronic/tailwind/demo1/account/members/roles.html]
[keenthemes.com/metronic/tailwind/demo1/account/members/permissions-toggle.html]
[keenthemes.com/metronic/tailwind/demo1/account/members/permissions-check.html]
[keenthemes.com/metronic/tailwind/demo1/account/integrations.html]
[keenthemes.com/metronic/tailwind/demo1/account/notifications.html]
[keenthemes.com/metronic/tailwind/demo1/account/api-keys.html]
[keenthemes.com/metronic/tailwind/demo1/account/appearance.html]
[keenthemes.com/metronic/tailwind/demo1/account/invite-a-friend.html]
[keenthemes.com/metronic/tailwind/demo1/account/activity.html]
[keenthemes.com/metronic/tailwind/demo1/network/get-started.html]
[keenthemes.com/metronic/tailwind/demo1/network/user-cards/mini-cards.html]
[keenthemes.com/metronic/tailwind/demo1/network/user-cards/team-crew.html]
[keenthemes.com/metronic/tailwind/demo1/network/user-cards/author.html]
[keenthemes.com/metronic/tailwind/demo1/network/user-cards/nft.html]
[keenthemes.com/metronic/tailwind/demo1/network/user-cards/social.html]
[keenthemes.com/metronic/tailwind/demo1/network/user-table/team-crew.html]
[keenthemes.com/metronic/tailwind/demo1/network/user-table/app-roster.html]
[keenthemes.com/metronic/tailwind/demo1/network/user-table/market-authors.html]
[keenthemes.com/metronic/tailwind/demo1/network/user-table/saas-users.html]
[keenthemes.com/metronic/tailwind/demo1/network/user-table/store-clients.html]
[keenthemes.com/metronic/tailwind/demo1/network/user-table/visitors.html]
[keenthemes.com/metronic/tailwind/demo1/authentication/classic/sign-in.html]
[keenthemes.com/metronic/tailwind/demo1/authentication/classic/sign-up.html]
[keenthemes.com/metronic/tailwind/demo1/authentication/classic/2fa.html]
[keenthemes.com/metronic/tailwind/demo1/authentication/classic/check-email.html]
[keenthemes.com/metronic/tailwind/demo1/authentication/classic/reset-password/enter-email.html]
[keenthemes.com/metronic/tailwind/demo1/authentication/classic/reset-password/check-email.html]
[keenthemes.com/metronic/tailwind/demo1/authentication/classic/reset-password/change-password.html]
[keenthemes.com/metronic/tailwind/demo1/authentication/classic/reset-password/password-changed.html]
[keenthemes.com/metronic/tailwind/demo1/authentication/branded/sign-in.html]
[keenthemes.com/metronic/tailwind/demo1/authentication/branded/sign-up.html]
[keenthemes.com/metronic/tailwind/demo1/authentication/branded/2fa.html]
[keenthemes.com/metronic/tailwind/demo1/authentication/branded/check-email.html]
[keenthemes.com/metronic/tailwind/demo1/authentication/branded/reset-password/enter-email.html]
[keenthemes.com/metronic/tailwind/demo1/authentication/branded/reset-password/check-email.html]
[keenthemes.com/metronic/tailwind/demo1/authentication/branded/reset-password/change-password.html]
[keenthemes.com/metronic/tailwind/demo1/authentication/branded/reset-password/password-changed.html]
[keenthemes.com/metronic/tailwind/demo1/authentication/welcome-message.html]
[keenthemes.com/metronic/tailwind/demo1/authentication/account-deactivated.html]
[keenthemes.com/static/metronic/tailwind/dist/assets/media/avatars/300-4.png]
[keenthemes.com/static/metronic/tailwind/dist/assets/media/avatars/300-1.png]
[keenthemes.com/static/metronic/tailwind/dist/assets/media/avatars/300-2.png]
[keenthemes.com/static/metronic/tailwind/dist/assets/media/avatars/300-5.png]
[keenthemes.com/static/metronic/tailwind/dist/assets/media/avatars/300-14.png]
[keenthemes.com/static/metronic/tailwind/dist/assets/media/avatars/300-27.png]
[keenthemes.com/static/metronic/tailwind/dist/assets/media/avatars/300-11.png]
[keenthemes.com/static/metronic/tailwind/dist/assets/media/avatars/300-25.png]
[keenthemes.com/static/metronic/tailwind/dist/assets/media/avatars/300-34.png]
[keenthemes.com/static/metronic/tailwind/dist/assets/media/avatars/300-29.png]
[keenthemes.com/static/metronic/tailwind/dist/assets/media/avatars/300-3.png]
[keenthemes.com/static/metronic/tailwind/dist/assets/media/avatars/300-30.png]
[keenthemes.com/static/metronic/tailwind/dist/assets/media/avatars/300-24.png]
[keenthemes.com/static/metronic/tailwind/dist/assets/media/avatars/300-15.png]
[keenthemes.com/static/metronic/tailwind/dist/assets/media/avatars/300-6.png]
[keenthemes.com/static/metronic/tailwind/dist/assets/media/avatars/300-12.png]
[keenthemes.com/static/metronic/tailwind/dist/assets/media/avatars/300-21.png]
[keenthemes.com/static/metronic/tailwind/dist/assets/media/avatars/300-13.png]
[keenthemes.com/static/metronic/tailwind/dist/assets/media/images/600x600/6.jpg]
[keenthemes.com/static/metronic/tailwind/dist/assets/media/images/600x600/1.jpg]
[keenthemes.com/static/metronic/tailwind/dist/assets/media/avatars/300-19.png]
[keenthemes.com/static/metronic/tailwind/dist/assets/media/avatars/300-17.png]
[keenthemes.com/static/metronic/tailwind/dist/assets/media/avatars/300-9.png]
[keenthemes.com/static/metronic/tailwind/dist/assets/media/images/2600x1600/bg-3.png]
[keenthemes.com/static/metronic/tailwind/dist/assets/media/images/2600x1600/bg-3-dark.png]
[keenthemes.com/static/metronic/tailwind/dist/assets/media/images/2600x1600/2.png]
[keenthemes.com/static/metronic/tailwind/dist/assets/media/images/2600x1600/2-dark.png]
[keenthemes.com/static/metronic/tailwind/dist/assets/media/avatars/300-7.png]
[keenthemes.com/static/metronic/tailwind/dist/assets/media/avatars/300-8.png]
[keenthemes.com/static/metronic/tailwind/dist/assets/media/avatars/300-10.png]
[keenthemes.com/static/metronic/tailwind/dist/assets/media/avatars/300-16.png]
[keenthemes.com/static/metronic/tailwind/dist/assets/media/avatars/300-18.png]
[keenthemes.com/static/metronic/tailwind/dist/assets/media/avatars/300-20.png]
[keenthemes.com/static/metronic/tailwind/dist/assets/media/avatars/300-22.png]
[keenthemes.com/static/metronic/tailwind/dist/assets/media/avatars/300-23.png]
[keenthemes.com/static/metronic/tailwind/dist/assets/media/avatars/300-26.png]
[keenthemes.com/static/metronic/tailwind/dist/assets/media/avatars/300-28.png]
[keenthemes.com/static/metronic/tailwind/dist/assets/js/core.bundle.js]
[keenthemes.com/static/metronic/tailwind/dist/assets/vendors/apexcharts/apexcharts.min.js]
[keenthemes.com/static/metronic/tailwind/dist/assets/js/widgets/general.js]
[keenthemes.com/metronic/tailwind/demo1/index.html]
[keenthemes.com/static/metronic/tailwind/dist/assets/vendors/apexcharts/apexcharts.css]
[keenthemes.com/static/metronic/tailwind/dist/assets/js/layouts/demo1.js]
[keenthemes.com/static/metronic/tailwind/dist/assets/vendors/keenicons/fonts/keenicons-duotone3d6a.ttf]
[keenthemes.com/static/metronic/tailwind/dist/assets/vendors/keenicons/fonts/keenicons-duotone3d6a.woff]
[keenthemes.com/static/metronic/tailwind/dist/assets/vendors/keenicons/fonts/keenicons-filledf548.ttf]
[keenthemes.com/static/metronic/tailwind/dist/assets/vendors/keenicons/fonts/keenicons-filledf548.woff]
[keenthemes.com/static/metronic/tailwind/dist/assets/vendors/keenicons/fonts/keenicons-outline3e5d.ttf]
[keenthemes.com/static/metronic/tailwind/dist/assets/vendors/keenicons/fonts/keenicons-outline3e5d.woff]
[keenthemes.com/static/metronic/tailwind/dist/assets/vendors/keenicons/fonts/keenicons-solid6ca2.ttf]
[keenthemes.com/static/metronic/tailwind/dist/assets/vendors/keenicons/fonts/keenicons-solid6ca2.woff]
[keenthemes.com/static/metronic/tailwind/dist/assets/vendors/keenicons/styles.bundle.css]
[keenthemes.com/static/metronic/tailwind/dist/assets/css/styles.css]
[keenthemes.com/metronic/tailwind/demo1/dashboards/dark-sidebar.html]
[keenthemes.com/metronic/tailwind/demo1/index-2.html]
[keenthemes.com/static/metronic/tailwind/dist/assets/media/images/2600x1200/bg-1.png]
[keenthemes.com/static/metronic/tailwind/dist/assets/media/images/2600x1200/bg-1-dark.png]
[keenthemes.com/metronic/tailwind/demo1/public-profile/profiles/default.html]
[keenthemes.com/static/metronic/tailwind/dist/assets/media/images/600x400/1.jpg]
[keenthemes.com/metronic/tailwind/demo1/public-profile/projects/3-columns/index.html]
[keenthemes.com/static/metronic/tailwind/dist/assets/media/images/600x400/2.jpg]
[keenthemes.com/static/metronic/tailwind/dist/assets/media/images/600x400/3.jpg]
[keenthemes.com/static/metronic/tailwind/dist/assets/media/images/600x400/4.jpg]
[keenthemes.com/static/metronic/tailwind/dist/assets/media/images/600x400/5.jpg]
[keenthemes.com/static/metronic/tailwind/dist/assets/media/images/600x400/6.jpg]
[keenthemes.com/static/metronic/tailwind/dist/assets/media/images/600x400/7.jpg]
[keenthemes.com/static/metronic/tailwind/dist/assets/media/images/600x400/8.jpg]
[keenthemes.com/static/metronic/tailwind/dist/assets/media/images/600x400/9.jpg]
[keenthemes.com/metronic/tailwind/demo1/public-profile/profiles/creator.html]
[keenthemes.com/static/metronic/tailwind/dist/assets/vendors/leaflet/leaflet.bundle.css]
[keenthemes.com/static/metronic/tailwind/dist/assets/media/images/600x400/10.jpg]
[keenthemes.com/static/metronic/tailwind/dist/assets/media/images/600x400/11.jpg]
[keenthemes.com/static/metronic/tailwind/dist/assets/media/images/600x400/12.jpg]
[keenthemes.com/metronic/tailwind/demo1/public-profile/profiles/company.html]
[keenthemes.com/static/metronic/tailwind/dist/assets/vendors/leaflet/leaflet.bundle.js]
[keenthemes.com/static/metronic/tailwind/dist/assets/media/images/600x600/2.jpg]
[keenthemes.com/static/metronic/tailwind/dist/assets/media/images/600x600/3.jpg]
[keenthemes.com/static/metronic/tailwind/dist/assets/media/images/600x600/4.jpg]
[keenthemes.com/static/metronic/tailwind/dist/assets/media/images/600x600/5.jpg]
[keenthemes.com/static/metronic/tailwind/dist/assets/media/images/600x600/7.jpg]
[keenthemes.com/static/metronic/tailwind/dist/assets/media/images/600x600/8.jpg]
[keenthemes.com/static/metronic/tailwind/dist/assets/media/images/600x600/10.jpg]
[keenthemes.com/static/metronic/tailwind/dist/assets/media/images/600x600/11.jpg]
[keenthemes.com/metronic/tailwind/demo1/public-profile/profiles/nft.html]
[keenthemes.com/static/metronic/tailwind/dist/assets/media/images/600x400/14.jpg]
[keenthemes.com/static/metronic/tailwind/dist/assets/media/images/600x400/15.jpg]
[keenthemes.com/static/metronic/tailwind/dist/assets/media/images/600x400/16.jpg]
[keenthemes.com/metronic/tailwind/demo1/public-profile/profiles/blogger.html]
[keenthemes.com/metronic/tailwind/demo1/public-profile/profiles/crm.html]
[keenthemes.com/static/metronic/tailwind/dist/assets/media/images/600x600/13.jpg]
[keenthemes.com/static/metronic/tailwind/dist/assets/media/images/600x600/14.jpg]
[keenthemes.com/static/metronic/tailwind/dist/assets/media/images/600x600/15.jpg]
[keenthemes.com/static/metronic/tailwind/dist/assets/media/images/600x600/16.jpg]
[keenthemes.com/static/metronic/tailwind/dist/assets/media/images/600x600/17.jpg]
[keenthemes.com/static/metronic/tailwind/dist/assets/media/images/600x600/18.jpg]
[keenthemes.com/static/metronic/tailwind/dist/assets/media/images/600x600/19.jpg]
[keenthemes.com/static/metronic/tailwind/dist/assets/media/images/600x600/20.jpg]
[keenthemes.com/static/metronic/tailwind/dist/assets/media/images/600x600/9.jpg]
[keenthemes.com/static/metronic/tailwind/dist/assets/media/images/600x600/33.jpg]
[keenthemes.com/static/metronic/tailwind/dist/assets/media/images/600x600/34.jpg]
[keenthemes.com/static/metronic/tailwind/dist/assets/media/images/600x600/12.jpg]
[keenthemes.com/metronic/tailwind/demo1/public-profile/profiles/gamer.html]
[keenthemes.com/static/metronic/tailwind/dist/assets/media/images/600x600/21.jpg]
[keenthemes.com/static/metronic/tailwind/dist/assets/media/images/600x400/19.jpg]
[keenthemes.com/static/metronic/tailwind/dist/assets/media/images/600x400/20.jpg]
[keenthemes.com/static/metronic/tailwind/dist/assets/media/avatars/300-32.png]
[keenthemes.com/static/metronic/tailwind/dist/assets/media/images/2600x1200/bg-2.png]
[keenthemes.com/static/metronic/tailwind/dist/assets/media/images/2600x1200/bg-2-dark.png]
[keenthemes.com/metronic/tailwind/demo1/public-profile/profiles/feeds.html]
[keenthemes.com/metronic/tailwind/demo1/public-profile/profiles/plain.html]
[keenthemes.com/static/metronic/tailwind/dist/assets/media/images/2600x1200/2.png]
[keenthemes.com/static/metronic/tailwind/dist/assets/media/images/2600x1200/2-dark.png]
[keenthemes.com/metronic/tailwind/demo1/public-profile/profiles/modal.html]
[keenthemes.com/metronic/tailwind/demo1/public-profile/projects/3-columns.html]
[keenthemes.com/metronic/tailwind/demo1/public-profile/projects/2-columns.html]
[keenthemes.com/static/metronic/tailwind/dist/assets/media/images/600x400/21.jpg]
[keenthemes.com/static/metronic/tailwind/dist/assets/media/images/600x400/22.jpg]
[keenthemes.com/static/metronic/tailwind/dist/assets/media/images/600x400/23.jpg]
[keenthemes.com/static/metronic/tailwind/dist/assets/media/images/600x400/25.jpg]
[keenthemes.com/static/metronic/tailwind/dist/assets/media/images/600x400/26.jpg]
[keenthemes.com/static/metronic/tailwind/dist/assets/media/images/2600x1200/bg-4.png]
[keenthemes.com/static/metronic/tailwind/dist/assets/media/images/2600x1200/bg-4-dark.png]
[keenthemes.com/metronic/tailwind/demo1/public-profile/works.html]
[keenthemes.com/static/metronic/tailwind/dist/assets/media/avatars/300-31.png]
[keenthemes.com/metronic/tailwind/demo1/public-profile/teams.html]
[keenthemes.com/static/metronic/tailwind/dist/assets/media/avatars/300-33.png]
[keenthemes.com/metronic/tailwind/demo1/public-profile/network.html]
[keenthemes.com/metronic/tailwind/demo1/public-profile/activity.html]
[keenthemes.com/metronic/tailwind/demo1/public-profile/campaigns/card.html]
[keenthemes.com/metronic/tailwind/demo1/public-profile/campaigns/list.html]
[keenthemes.com/metronic/tailwind/demo1/public-profile/empty.html]
[keenthemes.com/metronic/tailwind/demo1/account/home/get-started.html]
[keenthemes.com/static/metronic/tailwind/dist/assets/media/avatars/blank.png]
[keenthemes.com/static/metronic/tailwind/dist/assets/media/images/2600x1200/bg-5.png]
[keenthemes.com/static/metronic/tailwind/dist/assets/media/images/2600x1200/bg-5-dark.png]
[keenthemes.com/static/metronic/tailwind/dist/assets/media/images/2600x1200/3.png]
[keenthemes.com/static/metronic/tailwind/dist/assets/media/images/2600x1200/3-dark.png]
[keenthemes.com/metronic/tailwind/demo1/account/home/user-profile.html]
[keenthemes.com/metronic/tailwind/demo1/account/home/company-profile.html]
[keenthemes.com/static/metronic/tailwind/dist/assets/media/images/2600x1600/bg-2.png]
[keenthemes.com/static/metronic/tailwind/dist/assets/media/images/2600x1600/bg-2-dark.png]
[keenthemes.com/static/metronic/tailwind/dist/assets/media/images/2600x1600/bg-1.png]
[keenthemes.com/static/metronic/tailwind/dist/assets/media/images/2600x1600/bg-1-dark.png]
[keenthemes.com/static/metronic/tailwind/dist/assets/media/images/600x400/28.jpg]
[keenthemes.com/static/metronic/tailwind/dist/assets/media/images/600x400/32.jpg]
[keenthemes.com/static/metronic/tailwind/dist/assets/media/images/600x400/30.jpg]
[keenthemes.com/metronic/tailwind/demo1/account/home/settings-sidebar.html]
[keenthemes.com/static/metronic/tailwind/dist/assets/media/images/600x600/22.jpg]
[keenthemes.com/metronic/tailwind/demo1/account/home/settings-enterprise.html]
[keenthemes.com/metronic/tailwind/demo1/account/home/settings-plain.html]
[keenthemes.com/metronic/tailwind/demo1/account/home/settings-modal.html]
[keenthemes.com/metronic/tailwind/demo1/account/billing/basic.html]
[keenthemes.com/static/metronic/tailwind/dist/assets/media/images/2600x1200/bg-14.png]
[keenthemes.com/static/metronic/tailwind/dist/assets/media/images/2600x1200/bg-14-dark.png]
[keenthemes.com/metronic/tailwind/demo1/account/billing/enterprise.html]
[keenthemes.com/metronic/tailwind/demo1/account/billing/plans.html]
[keenthemes.com/metronic/tailwind/demo1/account/billing/history.html]
[keenthemes.com/metronic/tailwind/demo1/account/security/overview/index.html]
[keenthemes.com/metronic/tailwind/demo1/account/security/allowed-ip-addresses/index.html]
[keenthemes.com/metronic/tailwind/demo1/account/security/privacy-settings/index.html]
[keenthemes.com/metronic/tailwind/demo1/account/security/device-management/index.html]
[keenthemes.com/metronic/tailwind/demo1/account/security/backup-and-recovery/index.html]
[keenthemes.com/metronic/tailwind/demo1/account/security/current-sessions/index.html]
[keenthemes.com/metronic/tailwind/demo1/account/security/get-started.html]
[keenthemes.com/metronic/tailwind/demo1/account/security/overview.html]
[keenthemes.com/metronic/tailwind/demo1/account/security/security-log/index.html]
[keenthemes.com/metronic/tailwind/demo1/account/security/allowed-ip-addresses.html]
[keenthemes.com/static/metronic/tailwind/dist/assets/js/datatables/allowed-ip-addresses.js]
[keenthemes.com/static/metronic/tailwind/dist/assets/media/avatars/gray/1.png]
[keenthemes.com/static/metronic/tailwind/dist/assets/media/avatars/gray/2.png]
[keenthemes.com/static/metronic/tailwind/dist/assets/media/avatars/gray/3.png]
[keenthemes.com/static/metronic/tailwind/dist/assets/media/avatars/gray/4.png]
[keenthemes.com/metronic/tailwind/demo1/account/security/privacy-settings.html]
[keenthemes.com/metronic/tailwind/demo1/account/security/device-management.html]
[keenthemes.com/metronic/tailwind/demo1/account/security/backup-and-recovery.html]
[keenthemes.com/metronic/tailwind/demo1/account/security/current-sessions.html]
[keenthemes.com/metronic/tailwind/demo1/account/security/security-log.html]
[keenthemes.com/metronic/tailwind/demo1/account/members/team-starter.html]
[keenthemes.com/metronic/tailwind/demo1/account/members/teams.html]
[keenthemes.com/static/metronic/tailwind/dist/assets/js/datatables/current-sessions.js]
[keenthemes.com/static/metronic/tailwind/dist/assets/media/images/600x600/23.jpg]
[keenthemes.com/metronic/tailwind/demo1/account/members/team-info.html]
[keenthemes.com/metronic/tailwind/demo1/account/members/members-starter.html]
[keenthemes.com/metronic/tailwind/demo1/account/members/team-members.html]
[keenthemes.com/metronic/tailwind/demo1/account/members/import-members.html]
[keenthemes.com/metronic/tailwind/demo1/account/members/roles.html]
[keenthemes.com/metronic/tailwind/demo1/account/members/permissions-toggle.html]
[keenthemes.com/metronic/tailwind/demo1/account/members/permissions-check.html]
[keenthemes.com/metronic/tailwind/demo1/account/integrations.html]
[keenthemes.com/metronic/tailwind/demo1/account/notifications.html]
[keenthemes.com/metronic/tailwind/demo1/account/api-keys.html]
[keenthemes.com/metronic/tailwind/demo1/account/appearance.html]
[keenthemes.com/metronic/tailwind/demo1/account/invite-a-friend.html]
[keenthemes.com/metronic/tailwind/demo1/account/activity.html]
[keenthemes.com/metronic/tailwind/demo1/network/get-started.html]
[keenthemes.com/metronic/tailwind/demo1/network/user-cards/mini-cards.html]
[keenthemes.com/metronic/tailwind/demo1/network/user-cards/team-crew.html]
[keenthemes.com/static/metronic/tailwind/dist/assets/media/images/2600x1200/bg-7.png]
[keenthemes.com/static/metronic/tailwind/dist/assets/media/images/600x600/24.jpg]
[keenthemes.com/static/metronic/tailwind/dist/assets/media/images/600x600/27.jpg]
[keenthemes.com/static/metronic/tailwind/dist/assets/media/images/2600x1200/bg-8.png]
[keenthemes.com/static/metronic/tailwind/dist/assets/media/images/600x600/25.jpg]
[keenthemes.com/static/metronic/tailwind/dist/assets/media/images/2600x1200/bg-9.png]
[keenthemes.com/static/metronic/tailwind/dist/assets/media/images/600x600/28.jpg]
[keenthemes.com/static/metronic/tailwind/dist/assets/media/images/600x600/29.jpg]
[keenthemes.com/static/metronic/tailwind/dist/assets/media/images/2600x1200/bg-10.png]
[keenthemes.com/static/metronic/tailwind/dist/assets/media/images/600x600/30.jpg]
[keenthemes.com/static/metronic/tailwind/dist/assets/media/images/600x600/31.jpg]
[keenthemes.com/static/metronic/tailwind/dist/assets/media/images/600x600/32.jpg]
[keenthemes.com/metronic/tailwind/demo1/network/user-cards/author.html]
[keenthemes.com/static/metronic/tailwind/dist/assets/media/images/2600x1200/bg-11.png]
[keenthemes.com/static/metronic/tailwind/dist/assets/media/images/2600x1200/bg-12.png]
[keenthemes.com/static/metronic/tailwind/dist/assets/media/images/2600x1200/bg-13.png]
[keenthemes.com/metronic/tailwind/demo1/network/user-cards/nft.html]
[keenthemes.com/metronic/tailwind/demo1/network/user-cards/social.html]
[keenthemes.com/metronic/tailwind/demo1/network/user-table/team-crew.html]
[keenthemes.com/metronic/tailwind/demo1/network/user-table/app-roster.html]
[keenthemes.com/metronic/tailwind/demo1/network/user-table/market-authors.html]
[keenthemes.com/metronic/tailwind/demo1/network/user-table/saas-users.html]
[keenthemes.com/metronic/tailwind/demo1/network/user-table/store-clients.html]
[keenthemes.com/metronic/tailwind/demo1/network/user-table/visitors.html]
[keenthemes.com/static/metronic/tailwind/dist/assets/media/images/2600x1200/bg-10-dark.png]
[keenthemes.com/metronic/tailwind/demo1/authentication/classic/sign-in.html]
[keenthemes.com/metronic/tailwind/demo1/authentication/classic/sign-up.html]
[keenthemes.com/metronic/tailwind/demo1/authentication/classic/2fa.html]
[keenthemes.com/metronic/tailwind/demo1/authentication/classic/check-email.html]
[keenthemes.com/metronic/tailwind/demo1/authentication/classic/reset-password/enter-email.html]
[keenthemes.com/metronic/tailwind/demo1/authentication/classic/sign-up/index.html]
[keenthemes.com/metronic/tailwind/demo1/authentication/classic/reset-password/enter-email/index.html]
[keenthemes.com/metronic/tailwind/demo1/authentication/classic/reset-password/check-email.html]
[keenthemes.com/metronic/tailwind/demo1/authentication/classic/reset-password/change-password.html]
[keenthemes.com/metronic/tailwind/demo1/authentication/classic/reset-password/password-changed.html]
[keenthemes.com/metronic/tailwind/demo1/authentication/classic/reset-password/check-email/index.html]
[keenthemes.com/metronic/tailwind/demo1/authentication/classic/sign-in/index.html]
[keenthemes.com/metronic/tailwind/demo1/authentication/classic/reset-password/change-password/index.html]
[keenthemes.com/static/metronic/tailwind/dist/assets/media/images/2600x1600/1.png]
[keenthemes.com/static/metronic/tailwind/dist/assets/media/images/2600x1600/1-dark.png]
[keenthemes.com/metronic/tailwind/demo1/authentication/branded/sign-in.html]
[keenthemes.com/metronic/tailwind/demo1/authentication/branded/sign-up.html]
[keenthemes.com/metronic/tailwind/demo1/authentication/branded/2fa.html]
[keenthemes.com/metronic/tailwind/demo1/authentication/branded/check-email.html]
[keenthemes.com/metronic/tailwind/demo1/authentication/branded/reset-password/enter-email.html]
[keenthemes.com/metronic/tailwind/demo1/authentication/branded/sign-up/index.html]
[keenthemes.com/metronic/tailwind/demo1/authentication/branded/reset-password/enter-email/index.html]
[keenthemes.com/metronic/tailwind/demo1/authentication/branded/reset-password/check-email.html]
[keenthemes.com/metronic/tailwind/demo1/authentication/branded/sign-in/index.html]
[keenthemes.com/metronic/tailwind/demo1/authentication/branded/reset-password/change-password.html]
[keenthemes.com/metronic/tailwind/demo1/authentication/branded/reset-password/password-changed.html]
[keenthemes.com/metronic/tailwind/demo1/authentication/welcome-message.html]
[keenthemes.com/metronic/tailwind/demo1/authentication/account-deactivated.html]
[keenthemes.com/metronic/tailwind/demo1/authentication/error-404.html]
[keenthemes.com/metronic/tailwind/demo1/authentication/error-500.html]
[keenthemes.com/static/metronic/tailwind/dist/assets/vendors/keenicons/fonts/keenicons-duotone3d6a.svg]
[keenthemes.com/static/metronic/tailwind/dist/assets/vendors/keenicons/fonts/keenicons-filledf548.svg]
[keenthemes.com/static/metronic/tailwind/dist/assets/vendors/keenicons/fonts/keenicons-outline3e5d.svg]
[keenthemes.com/static/metronic/tailwind/dist/assets/vendors/keenicons/fonts/keenicons-solid6ca2.svg]
[keenthemes.com/metronic/tailwind/demo1/index-2.html]
[keenthemes.com/metronic/tailwind/demo1/authentication/branded/reset-password/check-email/index.html]
[keenthemes.com/metronic/tailwind/demo1/public-profile/projects/3-columns/index.html]
[keenthemes.com/metronic/tailwind/demo1/authentication/branded/reset-password/change-password/index.html]
[keenthemes.com/static/metronic/tailwind/dist/assets/vendors/leaflet/images/layers.fa.delayed]
[keenthemes.com/static/metronic/tailwind/dist/assets/vendors/leaflet/images/layers-2x.png]
[keenthemes.com/static/metronic/tailwind/dist/assets/vendors/leaflet/images/marker-icon.png]
[keenthemes.com/static/metronic/tailwind/dist/assets/vendors/leaflet/leaflet.bundle.css]
[keenthemes.com/metronic/tailwind/demo1/account/security/overview/index.html]
[keenthemes.com/metronic/tailwind/demo1/account/security/allowed-ip-addresses/index.html]
[keenthemes.com/metronic/tailwind/demo1/account/security/privacy-settings/index.html]
[keenthemes.com/metronic/tailwind/demo1/account/security/device-management/index.html]
[keenthemes.com/metronic/tailwind/demo1/account/security/backup-and-recovery/index.html]
[keenthemes.com/metronic/tailwind/demo1/account/security/current-sessions/index.html]
[keenthemes.com/metronic/tailwind/demo1/account/security/security-log/index.html]
[keenthemes.com/metronic/tailwind/demo1/security/security-log/index.html]
[keenthemes.com/metronic/tailwind/demo1/authentication/classic/sign-up/index.html]
[keenthemes.com/metronic/tailwind/demo1/authentication/classic/reset-password/enter-email/index.html]
[keenthemes.com/metronic/tailwind/demo1/authentication/classic/sign-in/index.html]
[keenthemes.com/metronic/tailwind/demo1/authentication/classic/reset-password/check-email/index.html]
[keenthemes.com/metronic/tailwind/demo1/authentication/classic/reset-password/change-password/index.html]
[keenthemes.com/metronic/tailwind/demo1/authentication/branded/sign-up/index.html]
[keenthemes.com/metronic/tailwind/demo1/authentication/branded/reset-password/enter-email/index.html]
[keenthemes.com/metronic/tailwind/demo1/authentication/branded/sign-in/index.html]
[keenthemes.com/metronic/tailwind/demo1/authentication/branded/reset-password/check-email/index.html]
[keenthemes.com/metronic/tailwind/demo1/authentication/branded/reset-password/change-password/index.html]
[keenthemes.com/static/metronic/tailwind/dist/assets/vendors/leaflet/images/layers.html]
[keenthemes.com/static/metronic/tailwind/dist/assets/vendors/leaflet/images/layers-2x.html]
[keenthemes.com/static/metronic/tailwind/dist/assets/vendors/leaflet/images/marker-icon.html]
